Component: ARM Compiler 5.06 update 6 (build 750) Tool: armlink [4d35ed]

==============================================================================

Section Cross References

    atmel_start.o(i.atmel_start_init) refers to driver_init.o(i.system_init) for system_init
    driver_init.o(i.AC_0_CLOCK_init) refers to driver_init.o(i._pm_enable_bus_clock) for _pm_enable_bus_clock
    driver_init.o(i.AC_0_CLOCK_init) refers to driver_init.o(i._gclk_enable_channel) for _gclk_enable_channel
    driver_init.o(i.AC_0_init) refers to driver_init.o(i.AC_0_CLOCK_init) for AC_0_CLOCK_init
    driver_init.o(i.AC_0_init) refers to hal_ac_sync.o(i.ac_sync_init) for ac_sync_init
    driver_init.o(i.AC_0_init) refers to driver_init.o(i.AC_0_PORT_init) for AC_0_PORT_init
    driver_init.o(i.AC_0_init) refers to driver_init.o(.data) for AC_0
    driver_init.o(i.ADC_0_CLOCK_init) refers to driver_init.o(i._pm_enable_bus_clock) for _pm_enable_bus_clock
    driver_init.o(i.ADC_0_CLOCK_init) refers to driver_init.o(i._gclk_enable_channel) for _gclk_enable_channel
    driver_init.o(i.ADC_0_init) refers to driver_init.o(i.ADC_0_CLOCK_init) for ADC_0_CLOCK_init
    driver_init.o(i.ADC_0_init) refers to driver_init.o(i.ADC_0_PORT_init) for ADC_0_PORT_init
    driver_init.o(i.ADC_0_init) refers to hal_adc_sync.o(i.adc_sync_init) for adc_sync_init
    driver_init.o(i.ADC_0_init) refers to driver_init.o(.data) for ADC_0
    driver_init.o(i.PWM_0_CLOCK_init) refers to driver_init.o(i._pm_enable_bus_clock) for _pm_enable_bus_clock
    driver_init.o(i.PWM_0_CLOCK_init) refers to driver_init.o(i._gclk_enable_channel) for _gclk_enable_channel
    driver_init.o(i.PWM_0_PORT_init) refers to driver_init.o(i.gpio_set_pin_function) for gpio_set_pin_function
    driver_init.o(i.PWM_0_init) refers to driver_init.o(i.PWM_0_CLOCK_init) for PWM_0_CLOCK_init
    driver_init.o(i.PWM_0_init) refers to driver_init.o(i.PWM_0_PORT_init) for PWM_0_PORT_init
    driver_init.o(i.PWM_0_init) refers to hpl_tc.o(i._tc_get_pwm) for _tc_get_pwm
    driver_init.o(i.PWM_0_init) refers to hal_pwm.o(i.pwm_init) for pwm_init
    driver_init.o(i.PWM_0_init) refers to driver_init.o(.bss) for PWM_0
    driver_init.o(i._gpio_set_direction) refers to driver_init.o(i.hri_port_clear_DIR_reg) for hri_port_clear_DIR_reg
    driver_init.o(i._gpio_set_direction) refers to driver_init.o(i.hri_port_write_WRCONFIG_reg) for hri_port_write_WRCONFIG_reg
    driver_init.o(i._gpio_set_pin_function) refers to driver_init.o(i.hri_port_write_PINCFG_PMUXEN_bit) for hri_port_write_PINCFG_PMUXEN_bit
    driver_init.o(i._gpio_set_pin_pull_mode) refers to driver_init.o(i.hri_port_clear_DIR_reg) for hri_port_clear_DIR_reg
    driver_init.o(i._gpio_set_pin_pull_mode) refers to driver_init.o(i.hri_port_set_PINCFG_PULLEN_bit) for hri_port_set_PINCFG_PULLEN_bit
    driver_init.o(i._gpio_set_pin_pull_mode) refers to driver_init.o(i.hri_port_set_OUT_reg) for hri_port_set_OUT_reg
    driver_init.o(i._gpio_set_pin_pull_mode) refers to driver_init.o(i.hri_port_clear_OUT_reg) for hri_port_clear_OUT_reg
    driver_init.o(i._pm_enable_bus_clock) refers to driver_init.o(i._pm_get_ahb_index) for _pm_get_ahb_index
    driver_init.o(i._pm_enable_bus_clock) refers to driver_init.o(i._pm_get_apbb_index) for _pm_get_apbb_index
    driver_init.o(i.delay_driver_init) refers to hal_delay.o(i.delay_init) for delay_init
    driver_init.o(i.gpio_set_pin_direction) refers to driver_init.o(i._gpio_set_direction) for _gpio_set_direction
    driver_init.o(i.gpio_set_pin_function) refers to driver_init.o(i._gpio_set_pin_function) for _gpio_set_pin_function
    driver_init.o(i.gpio_set_pin_level) refers to driver_init.o(i.hri_port_set_OUT_reg) for hri_port_set_OUT_reg
    driver_init.o(i.gpio_set_pin_level) refers to driver_init.o(i.hri_port_clear_OUT_reg) for hri_port_clear_OUT_reg
    driver_init.o(i.system_init) refers to hpl_init.o(i._init_chip) for _init_chip
    driver_init.o(i.system_init) refers to driver_init.o(i.gpio_set_pin_level) for gpio_set_pin_level
    driver_init.o(i.system_init) refers to driver_init.o(i.gpio_set_pin_direction) for gpio_set_pin_direction
    driver_init.o(i.system_init) refers to driver_init.o(i.gpio_set_pin_function) for gpio_set_pin_function
    driver_init.o(i.system_init) refers to driver_init.o(i._gpio_set_pin_pull_mode) for _gpio_set_pin_pull_mode
    driver_init.o(i.system_init) refers to driver_init.o(i.ADC_0_init) for ADC_0_init
    driver_init.o(i.system_init) refers to driver_init.o(i.delay_driver_init) for delay_driver_init
    driver_init.o(i.system_init) refers to driver_init.o(i.PWM_0_init) for PWM_0_init
    driver_init.o(i.system_init) refers to driver_init.o(i.AC_0_init) for AC_0_init
    driver_examples.o(i.AC_0_example) refers to hal_ac_sync.o(i.ac_sync_enable) for ac_sync_enable
    driver_examples.o(i.AC_0_example) refers to hal_ac_sync.o(i.ac_sync_start_comparison) for ac_sync_start_comparison
[...]
    defsig_rtmem_inner.o(.text) refers to defsig_general.o(.text) for __default_signal_display
    defsig_rtmem_outer.o(.text) refers to defsig_rtmem_inner.o(.text) for __rt_SIGRTMEM_inner
    defsig_rtmem_outer.o(.text) refers to defsig_exit.o(.text) for __sig_exit
    defsig_rtmem_formal.o(.text) refers to rt_raise.o(.text) for __rt_raise
    defsig_stak_inner.o(.text) refers to defsig_general.o(.text) for __default_signal_display
    defsig_pvfn_inner.o(.text) refers to defsig_general.o(.text) for __default_signal_display
    defsig_cppl_inner.o(.text) refers to defsig_general.o(.text) for __default_signal_display
    defsig_segv_inner.o(.text) refers to defsig_general.o(.text) for __default_signal_display
    defsig_other.o(.text) refers to defsig_general.o(.text) for __default_signal_display


==============================================================================

Removing Unused input sections from the image.

    Removing atmel_start.o(.rev16_text), (4 bytes).
    Removing atmel_start.o(.revsh_text), (4 bytes).
    Removing driver_init.o(.rev16_text), (4 bytes).
    Removing driver_init.o(.revsh_text), (4 bytes).
    Removing driver_examples.o(.rev16_text), (4 bytes).
    Removing driver_examples.o(.revsh_text), (4 bytes).
    Removing driver_examples.o(i.AC_0_example), (32 bytes).
    Removing driver_examples.o(i.ADC_0_example), (32 bytes).
    Removing driver_examples.o(i.PWM_0_example), (28 bytes).
    Removing driver_examples.o(i.delay_example), (16 bytes).
    Removing hal_ac_sync.o(.rev16_text), (4 bytes).
    Removing hal_ac_sync.o(.revsh_text), (4 bytes).
    Removing hal_ac_sync.o(i.ac_sync_deinit), (14 bytes).
    Removing hal_ac_sync.o(i.ac_sync_disable), (14 bytes).
    Removing hal_ac_sync.o(i.ac_sync_enable), (14 bytes).
    Removing hal_ac_sync.o(i.ac_sync_get_result), (16 bytes).
    Removing hal_ac_sync.o(i.ac_sync_get_version), (4 bytes).
    Removing hal_ac_sync.o(i.ac_sync_start_comparison), (18 bytes).
    Removing hal_ac_sync.o(i.ac_sync_stop_comparison), (18 bytes).
    Removing hal_adc_sync.o(.rev16_text), (4 bytes).
    Removing hal_adc_sync.o(.revsh_text), (4 bytes).
    Removing hal_adc_sync.o(i.adc_sync_deinit), (14 bytes).
    Removing hal_adc_sync.o(i.adc_sync_disable_channel), (18 bytes).
    Removing hal_adc_sync.o(i.adc_sync_enable_channel), (18 bytes).
    Removing hal_adc_sync.o(i.adc_sync_get_threshold_state), (18 bytes).
    Removing hal_adc_sync.o(i.adc_sync_get_version), (4 bytes).
    Removing hal_adc_sync.o(i.adc_sync_is_channel_conversion_complete), (16 bytes).
    Removing hal_adc_sync.o(i.adc_sync_read_channel), (80 bytes).
    Removing hal_adc_sync.o(i.adc_sync_set_channel_differential_mode), (22 bytes).
    Removing hal_adc_sync.o(i.adc_sync_set_channel_gain), (22 bytes).
    Removing hal_adc_sync.o(i.adc_sync_set_conversion_mode), (18 bytes).
    Removing hal_adc_sync.o(i.adc_sync_set_inputs), (26 bytes).
    Removing hal_adc_sync.o(i.adc_sync_set_reference), (18 bytes).
    Removing hal_adc_sync.o(i.adc_sync_set_resolution), (18 bytes).
    Removing hal_adc_sync.o(i.adc_sync_set_thresholds), (22 bytes).
    Removing hal_adc_sync.o(i.adc_sync_set_window_mode), (18 bytes).
    Removing hal_atomic.o(.rev16_text), (4 bytes).
    Removing hal_atomic.o(.revsh_text), (4 bytes).
    Removing hal_atomic.o(i.atomic_get_version), (4 bytes).
    Removing hal_delay.o(.rev16_text), (4 bytes).
    Removing hal_delay.o(.revsh_text), (4 bytes).
    Removing hal_delay.o(i.delay_get_version), (4 bytes).
    Removing hal_delay.o(i.delay_us), (28 bytes).
    Removing hal_gpio.o(.rev16_text), (4 bytes).
    Removing hal_gpio.o(.revsh_text), (4 bytes).
    Removing hal_gpio.o(i.gpio_get_version), (4 bytes).
    Removing hal_init.o(.rev16_text), (4 bytes).
    Removing hal_init.o(.revsh_text), (4 bytes).
    Removing hal_init.o(i.init_get_version), (4 bytes).
    Removing hal_io.o(.rev16_text), (4 bytes).
    Removing hal_io.o(.revsh_text), (4 bytes).
    Removing hal_io.o(i.io_get_version), (4 bytes).
    Removing hal_io.o(i.io_read), (20 bytes).
    Removing hal_io.o(i.io_write), (20 bytes).
    Removing hal_pwm.o(.rev16_text), (4 bytes).
    Removing hal_pwm.o(.revsh_text), (4 bytes).
    Removing hal_pwm.o(i.pwm_deinit), (14 bytes).
    Removing hal_pwm.o(i.pwm_disable), (30 bytes).
    Removing hal_pwm.o(i.pwm_get_version), (4 bytes).
    Removing hal_pwm.o(i.pwm_register_callback), (58 bytes).
    Removing hal_sleep.o(.rev16_text), (4 bytes).
    Removing hal_sleep.o(.revsh_text), (4 bytes).
    Removing hal_sleep.o(i.sleep), (28 bytes).
    Removing hal_sleep.o(i.sleep_get_version), (4 bytes).
    Removing utils_assert.o(.rev16_text), (4 bytes).
    Removing utils_assert.o(.revsh_text), (4 bytes).
    Removing utils_assert.o(i.assert), (8 bytes).
    Removing utils_event.o(.rev16_text), (4 bytes).
    Removing utils_event.o(.revsh_text), (4 bytes).
    Removing utils_event.o(i.event_post), (84 bytes).
    Removing utils_event.o(i.event_subscribe), (92 bytes).
    Removing utils_event.o(i.event_unsubscribe), (152 bytes).
    Removing utils_event.o(i.list_get_next_element), (14 bytes).
    Removing utils_event.o(.data), (5 bytes).
    Removing utils_list.o(.rev16_text), (4 bytes).
    Removing utils_list.o(.revsh_text), (4 bytes).
    Removing utils_list.o(i.is_list_element), (26 bytes).
    Removing utils_list.o(i.list_delete_element), (60 bytes).
    Removing utils_list.o(i.list_insert_after), (8 bytes).
    Removing utils_list.o(i.list_insert_as_head), (8 bytes).
    Removing utils_list.o(i.list_insert_at_end), (32 bytes).
    Removing utils_list.o(i.list_remove_head), (22 bytes).
    Removing hpl_ac.o(.rev16_text), (4 bytes).
    Removing hpl_ac.o(.revsh_text), (4 bytes).
    Removing hpl_ac.o(i.__NVIC_DisableIRQ), (56 bytes).
    Removing hpl_ac.o(i._ac_async_deinit), (20 bytes).
    Removing hpl_ac.o(i._ac_async_disable), (12 bytes).
    Removing hpl_ac.o(i._ac_async_enable), (12 bytes).
    Removing hpl_ac.o(i._ac_async_init), (140 bytes).
    Removing hpl_ac.o(i._ac_async_start_comparison), (16 bytes).
    Removing hpl_ac.o(i._ac_async_stop_comparison), (16 bytes).
    Removing hpl_ac.o(i._ac_deinit), (30 bytes).
    Removing hpl_ac.o(i._ac_init_irq_param), (2 bytes).
    Removing hpl_ac.o(i._ac_start_comparison), (104 bytes).
    Removing hpl_ac.o(i._ac_sync_deinit), (12 bytes).
    Removing hpl_ac.o(i._ac_sync_disable), (12 bytes).
    Removing hpl_ac.o(i._ac_sync_enable), (12 bytes).
    Removing hpl_ac.o(i._ac_sync_get_result), (82 bytes).
    Removing hpl_ac.o(i._ac_sync_start_comparison), (16 bytes).
    Removing hpl_ac.o(i._ac_sync_stop_comparison), (16 bytes).
    Removing hpl_ac.o(i.hri_ac_clear_COMPCTRL_ENABLE_bit), (34 bytes).
    Removing hpl_ac.o(i.hri_ac_clear_CTRLA_ENABLE_bit), (20 bytes).
    Removing hpl_ac.o(i.hri_ac_set_CTRLA_ENABLE_bit), (20 bytes).
    Removing hpl_ac.o(i.hri_ac_write_CTRLB_reg), (4 bytes).
    Removing hpl_adc.o(.rev16_text), (4 bytes).
    Removing hpl_adc.o(.revsh_text), (4 bytes).
    Removing hpl_adc.o(i.__NVIC_ClearPendingIRQ), (24 bytes).
    Removing hpl_adc.o(i.__NVIC_DisableIRQ), (56 bytes).
    Removing hpl_adc.o(i._adc_async_convert), (12 bytes).
    Removing hpl_adc.o(i._adc_async_deinit), (40 bytes).
    Removing hpl_adc.o(i._adc_async_disable_channel), (14 bytes).
    Removing hpl_adc.o(i._adc_async_enable_channel), (14 bytes).
    Removing hpl_adc.o(i._adc_async_get_data_size), (22 bytes).
    Removing hpl_adc.o(i._adc_async_get_threshold_state), (16 bytes).
    Removing hpl_adc.o(i._adc_async_init), (84 bytes).
    Removing hpl_adc.o(i._adc_async_is_channel_conversion_done), (14 bytes).
    Removing hpl_adc.o(i._adc_async_read_channel_data), (14 bytes).
    Removing hpl_adc.o(i._adc_async_set_channel_differential_mode), (20 bytes).
    Removing hpl_adc.o(i._adc_async_set_channel_gain), (18 bytes).
    Removing hpl_adc.o(i._adc_async_set_conversion_mode), (16 bytes).
    Removing hpl_adc.o(i._adc_async_set_inputs), (28 bytes).
    Removing hpl_adc.o(i._adc_async_set_irq_state), (80 bytes).
    Removing hpl_adc.o(i._adc_async_set_reference_source), (16 bytes).
    Removing hpl_adc.o(i._adc_async_set_resolution), (16 bytes).
    Removing hpl_adc.o(i._adc_async_set_thresholds), (26 bytes).
    Removing hpl_adc.o(i._adc_async_set_window_mode), (16 bytes).
    Removing hpl_adc.o(i._adc_deinit), (24 bytes).
    Removing hpl_adc.o(i._adc_dma_convert), (12 bytes).
    Removing hpl_adc.o(i._adc_dma_deinit), (12 bytes).
    Removing hpl_adc.o(i._adc_dma_disable_channel), (14 bytes).
    Removing hpl_adc.o(i._adc_dma_enable_channel), (14 bytes).
    Removing hpl_adc.o(i._adc_dma_get_data_size), (22 bytes).
    Removing hpl_adc.o(i._adc_dma_get_threshold_state), (16 bytes).
    Removing hpl_adc.o(i._adc_dma_init), (26 bytes).
    Removing hpl_adc.o(i._adc_dma_is_conversion_done), (12 bytes).
    Removing hpl_adc.o(i._adc_dma_set_channel_differential_mode), (20 bytes).
    Removing hpl_adc.o(i._adc_dma_set_channel_gain), (18 bytes).
    Removing hpl_adc.o(i._adc_dma_set_conversion_mode), (16 bytes).
    Removing hpl_adc.o(i._adc_dma_set_inputs), (28 bytes).
    Removing hpl_adc.o(i._adc_dma_set_reference_source), (16 bytes).
    Removing hpl_adc.o(i._adc_dma_set_resolution), (16 bytes).
    Removing hpl_adc.o(i._adc_dma_set_thresholds), (26 bytes).
    Removing hpl_adc.o(i._adc_dma_set_window_mode), (16 bytes).
    Removing hpl_adc.o(i._adc_get_irq_num), (6 bytes).
    Removing hpl_adc.o(i._adc_get_source_for_dma), (8 bytes).
    Removing hpl_adc.o(i._adc_set_channel_differential_mode), (76 bytes).
    Removing hpl_adc.o(i._adc_set_conversion_mode), (74 bytes).
    Removing hpl_adc.o(i._adc_set_resolution), (40 bytes).
    Removing hpl_adc.o(i._adc_sync_convert), (12 bytes).
    Removing hpl_adc.o(i._adc_sync_deinit), (12 bytes).
    Removing hpl_adc.o(i._adc_sync_disable_channel), (14 bytes).
    Removing hpl_adc.o(i._adc_sync_enable_channel), (14 bytes).
    Removing hpl_adc.o(i._adc_sync_get_data_size), (22 bytes).
    Removing hpl_adc.o(i._adc_sync_get_threshold_state), (16 bytes).
    Removing hpl_adc.o(i._adc_sync_is_channel_conversion_done), (14 bytes).
    Removing hpl_adc.o(i._adc_sync_read_channel_data), (14 bytes).
    Removing hpl_adc.o(i._adc_sync_set_channel_differential_mode), (20 bytes).
    Removing hpl_adc.o(i._adc_sync_set_channel_gain), (18 bytes).
    Removing hpl_adc.o(i._adc_sync_set_conversion_mode), (16 bytes).
    Removing hpl_adc.o(i._adc_sync_set_inputs), (28 bytes).
    Removing hpl_adc.o(i._adc_sync_set_reference_source), (16 bytes).
    Removing hpl_adc.o(i._adc_sync_set_resolution), (16 bytes).
    Removing hpl_adc.o(i._adc_sync_set_thresholds), (26 bytes).
    Removing hpl_adc.o(i._adc_sync_set_window_mode), (16 bytes).
    Removing hpl_adc.o(i.hri_adc_clear_CTRLA_ENABLE_bit), (10 bytes).
    Removing hpl_adc.o(i.hri_adc_get_CTRLA_ENABLE_bit), (22 bytes).
    Removing hpl_adc.o(i.hri_adc_get_interrupt_RESRDY_bit), (10 bytes).
    Removing hpl_adc.o(i.hri_adc_get_interrupt_WINMON_bit), (12 bytes).
    Removing hpl_adc.o(i.hri_adc_read_CTRLB_RESSEL_bf), (22 bytes).
    Removing hpl_adc.o(i.hri_adc_read_RESULT_reg), (14 bytes).
    Removing hpl_adc.o(i.hri_adc_set_CTRLA_ENABLE_bit), (10 bytes).
    Removing hpl_adc.o(i.hri_adc_set_SWTRIG_START_bit), (20 bytes).
    Removing hpl_adc.o(i.hri_adc_write_CTRLB_RESSEL_bf), (32 bytes).
    Removing hpl_adc.o(i.hri_adc_write_INPUTCTRL_GAIN_bf), (34 bytes).
    Removing hpl_adc.o(i.hri_adc_write_INPUTCTRL_MUXNEG_bf), (34 bytes).
    Removing hpl_adc.o(i.hri_adc_write_INPUTCTRL_MUXPOS_bf), (28 bytes).
    Removing hpl_adc.o(i.hri_adc_write_REFCTRL_REFSEL_bf), (18 bytes).
    Removing hpl_adc.o(i.hri_adc_write_WINCTRL_WINMODE_bf), (28 bytes).
    Removing hpl_core_m0plus_base.o(.rev16_text), (4 bytes).
    Removing hpl_core_m0plus_base.o(.revsh_text), (4 bytes).
    Removing hpl_core_m0plus_base.o(i.Default_Handler), (4 bytes).
    Removing hpl_core_m0plus_base.o(i._get_cycles_for_us), (20 bytes).
    Removing hpl_core_m0plus_base.o(i._get_cycles_for_us_internal), (176 bytes).
    Removing hpl_core_m0plus_base.o(i._go_to_sleep), (20 bytes).
    Removing hpl_core_m0plus_base.o(i._irq_clear), (28 bytes).
    Removing hpl_core_m0plus_base.o(i._irq_disable), (60 bytes).
    Removing hpl_core_m0plus_base.o(i._irq_enable), (28 bytes).
    Removing hpl_core_m0plus_base.o(i._irq_get_current), (12 bytes).
    Removing hpl_core_m0plus_base.o(i._irq_register), (12 bytes).
    Removing hpl_core_m0plus_base.o(i._irq_set), (28 bytes).
    Removing hpl_core_m0plus_base.o(i._reset_mcu), (56 bytes).
    Removing hpl_core_m0plus_base.o(.bss), (100 bytes).
    Removing hpl_init.o(.rev16_text), (4 bytes).
    Removing hpl_init.o(.revsh_text), (4 bytes).
    Removing hpl_gclk.o(.rev16_text), (4 bytes).
    Removing hpl_gclk.o(.revsh_text), (4 bytes).
    Removing hpl_gclk.o(i._gclk_init_generators), (28 bytes).
    Removing hpl_pm.o(.rev16_text), (4 bytes).
    Removing hpl_pm.o(.revsh_text), (4 bytes).
    Removing hpl_pm.o(i._get_reset_reason), (12 bytes).
    Removing hpl_pm.o(i._set_sleep_mode), (76 bytes).
    Removing hpl_sysctrl.o(.rev16_text), (4 bytes).
    Removing hpl_sysctrl.o(.revsh_text), (4 bytes).
    Removing hpl_systick.o(.rev16_text), (4 bytes).
    Removing hpl_systick.o(.revsh_text), (4 bytes).
    Removing hpl_systick.o(i._system_time_deinit), (20 bytes).
    Removing hpl_systick.o(i._system_time_get), (12 bytes).
    Removing hpl_systick.o(i._system_time_get_max_time_value), (12 bytes).
    Removing hpl_tc.o(.rev16_text), (4 bytes).
    Removing hpl_tc.o(.revsh_text), (4 bytes).
    Removing hpl_tc.o(i._pwm_deinit), (42 bytes).
    Removing hpl_tc.o(i._pwm_disable), (12 bytes).
    Removing hpl_tc.o(i._pwm_get_duty), (96 bytes).
    Removing hpl_tc.o(i._pwm_get_period), (56 bytes).
    Removing hpl_tc.o(i._pwm_set_irq_state), (56 bytes).
    Removing hpl_tc.o(i._tc_get_timer), (4 bytes).
    Removing hpl_tc.o(i.hri_tc_clear_CTRLA_ENABLE_bit), (10 bytes).
    Removing hpl_tc.o(i.hri_tccount16_read_CC_reg), (12 bytes).
    Removing hpl_tc.o(i.hri_tccount32_read_CC_reg), (12 bytes).
    Removing main.o(.rev16_text), (4 bytes).
    Removing main.o(.revsh_text), (4 bytes).
    Removing main.o(.constdata), (4 bytes).
    Removing system_samd20.o(.rev16_text), (4 bytes).
    Removing system_samd20.o(.revsh_text), (4 bytes).
    Removing system_samd20.o(i.SystemCoreClockUpdate), (16 bytes).

225 unused section(s) (total 4769 bytes) removed from the image.

==============================================================================

Image Symbol Table

    Local Symbols

    Symbol Name                              Value     Ov Type        Size  Object(Section)

    RESET                                    0x00000000   Section      164  startup_samd20.o(RESET)
    ../clib/angel/boardlib.s                 0x00000000   Number         0  boardinit1.o ABSOLUTE
    ../clib/angel/boardlib.s                 0x00000000   Number         0  boardinit3.o ABSOLUTE
    ../clib/angel/boardlib.s                 0x00000000   Number         0  boardinit2.o ABSOLUTE
    ../clib/angel/boardlib.s                 0x00000000   Number         0  boardshut.o ABSOLUTE
    ../clib/angel/handlers.s                 0x00000000   Number         0  __scatter_zi.o ABSOLUTE
    ../clib/angel/handlers.s                 0x00000000   Number         0  __scatter_copy.o ABSOLUTE
    ../clib/angel/kernel.s                   0x00000000   Number         0  rtexit.o ABSOLUTE
    ../clib/angel/kernel.s                   0x00000000   Number         0  __rtentry4.o ABSOLUTE
    ../clib/angel/kernel.s                   0x00000000   Number         0  rtexit2.o ABSOLUTE
    ../clib/angel/kernel.s                   0x00000000   Number         0  __rtentry2.o ABSOLUTE
    ../clib/angel/kernel.s                   0x00000000   Number         0  __rtentry.o ABSOLUTE
    ../clib/angel/rt.s                       0x00000000   Number         0  rt_div0.o ABSOLUTE
    ../clib/angel/rt.s                       0x00000000   Number         0  aeabi_idiv0.o ABSOLUTE
    ../clib/angel/rt.s                       0x00000000   Number         0  rt_raise.o ABSOLUTE
    ../clib/angel/rt.s                       0x00000000   Number         0  aeabi_idiv0_sigfpe.o ABSOLUTE
    ../clib/angel/scatterp.s                 0x00000000   Number         0  __scatter.o ABSOLUTE
    ../clib/angel/startup.s                  0x00000000   Number         0  __main.o ABSOLUTE
    ../clib/angel/sys.s                      0x00000000   Number         0  use_no_semi.o ABSOLUTE
    ../clib/angel/sys.s                      0x00000000   Number         0  tempstk.o ABSOLUTE
    ../clib/angel/sys.s                      0x00000000   Number         0  libspace.o ABSOLUTE
    ../clib/angel/sys.s                      0x00000000   Number         0  sys_stackheap_outer.o ABSOLUTE
    ../clib/angel/sys.s                      0x00000000   Number         0  indicate_semi.o ABSOLUTE
    ../clib/angel/sysapp.c                   0x00000000   Number         0  sys_wrch.o ABSOLUTE
    ../clib/angel/sysapp.c                   0x00000000   Number         0  sys_exit.o ABSOLUTE
    ../clib/angel/sysapp.c                   0x00000000   Number         0  sys_command.o ABSOLUTE
    ../clib/armsys.c                         0x00000000   Number         0  argv_veneer.o ABSOLUTE
    ../clib/armsys.c                         0x00000000   Number         0  no_argv.o ABSOLUTE
    ../clib/armsys.c                         0x00000000   Number         0  _get_argv_nomalloc.o ABSOLUTE
    ../clib/division.s                       0x00000000   Number         0  aeabi_sdiv_div0.o ABSOLUTE
    ../clib/division.s                       0x00000000   Number         0  aeabi_sdiv.o ABSOLUTE
    ../clib/heapalloc.c                      0x00000000   Number         0  hrguard.o ABSOLUTE
    ../clib/heapaux.c                        0x00000000   Number         0  heapauxi.o ABSOLUTE
    ../clib/libinit.s                        0x00000000   Number         0  libshutdown.o ABSOLUTE
    ../clib/libinit.s                        0x00000000   Number         0  libshutdown2.o ABSOLUTE
    ../clib/libinit.s                        0x00000000   Number         0  libinit.o ABSOLUTE
    ../clib/libinit.s                        0x00000000   Number         0  libinit2.o ABSOLUTE
    ../clib/signal.c                         0x00000000   Number         0  defsig_rtmem_formal.o ABSOLUTE
    ../clib/signal.c                         0x00000000   Number         0  defsig_other.o ABSOLUTE
    ../clib/signal.c                         0x00000000   Number         0  defsig_cppl_inner.o ABSOLUTE
    ../clib/signal.c                         0x00000000   Number         0  defsig_pvfn_inner.o ABSOLUTE
    ../clib/signal.c                         0x00000000   Number         0  defsig_exit.o ABSOLUTE
    ../clib/signal.c                         0x00000000   Number         0  defsig_stak_inner.o ABSOLUTE
    ../clib/signal.c                         0x00000000   Number         0  defsig_rtmem_outer.o ABSOLUTE
    ../clib/signal.c                         0x00000000   Number         0  __raise.o ABSOLUTE
    ../clib/signal.c                         0x00000000   Number         0  defsig_segv_inner.o ABSOLUTE
    ../clib/signal.c                         0x00000000   Number         0  defsig_general.o ABSOLUTE
    ../clib/signal.c                         0x00000000   Number         0  defsig_abrt_inner.o ABSOLUTE
    ../clib/signal.c                         0x00000000   Number         0  defsig_rtred_inner.o ABSOLUTE
    ../clib/signal.c                         0x00000000   Number         0  defsig_fpe_formal.o ABSOLUTE
    ../clib/signal.c                         0x00000000   Number         0  defsig_fpe_outer.o ABSOLUTE
    ../clib/signal.c                         0x00000000   Number         0  defsig_rtmem_inner.o ABSOLUTE
    ../clib/signal.c                         0x00000000   Number         0  defsig_fpe_inner.o ABSOLUTE
    ../clib/signal.s                         0x00000000   Number         0  defsig.o ABSOLUTE
    ../clib/stdlib.c                         0x00000000   Number         0  exit.o ABSOLUTE
    ../fplib/cfplib/fpinit.c                 0x00000000   Number         0  fpinit.o ABSOLUTE
    C:\Users\bdarp\Documents\UK Fall 2020\EE 491\SoftwarePWM\My Project (3)\atmel_start.c 0x00000000   Number         0  atmel_start.o ABSOLUTE
    C:\Users\bdarp\Documents\UK Fall 2020\EE 491\SoftwarePWM\My Project (3)\driver_init.c 0x00000000   Number         0  driver_init.o ABSOLUTE
    C:\Users\bdarp\Documents\UK Fall 2020\EE 491\SoftwarePWM\My Project (3)\examples\driver_examples.c 0x00000000   Number         0  driver_examples.o ABSOLUTE
    C:\Users\bdarp\Documents\UK Fall 2020\EE 491\SoftwarePWM\My Project (3)\hal\src\hal_ac_sync.c 0x00000000   Number         0  hal_ac_sync.o ABSOLUTE
    C:\Users\bdarp\Documents\UK Fall 2020\EE 491\SoftwarePWM\My Project (3)\hal\src\hal_adc_sync.c 0x00000000   Number         0  hal_adc_sync.o ABSOLUTE
    C:\Users\bdarp\Documents\UK Fall 2020\EE 491\SoftwarePWM\My Project (3)\hal\src\hal_atomic.c 0x00000000   Number         0  hal_atomic.o ABSOLUTE
    C:\Users\bdarp\Documents\UK Fall 2020\EE 491\SoftwarePWM\My Project (3)\hal\src\hal_delay.c 0x00000000   Number         0  hal_delay.o ABSOLUTE
    C:\Users\bdarp\Documents\UK Fall 2020\EE 491\SoftwarePWM\My Project (3)\hal\src\hal_gpio.c 0x00000000   Number         0  hal_gpio.o ABSOLUTE
    C:\Users\bdarp\Documents\UK Fall 2020\EE 491\SoftwarePWM\My Project (3)\hal\src\hal_init.c 0x00000000   Number         0  hal_init.o ABSOLUTE
    C:\Users\bdarp\Documents\UK Fall 2020\EE 491\SoftwarePWM\My Project (3)\hal\src\hal_io.c 0x00000000   Number         0  hal_io.o ABSOLUTE
    C:\Users\bdarp\Documents\UK Fall 2020\EE 491\SoftwarePWM\My Project (3)\hal\src\hal_pwm.c 0x00000000   Number         0  hal_pwm.o ABSOLUTE
    C:\Users\bdarp\Documents\UK Fall 2020\EE 491\SoftwarePWM\My Project (3)\hal\src\hal_sleep.c 0x00000000   Number         0  hal_sleep.o ABSOLUTE
    C:\Users\bdarp\Documents\UK Fall 2020\EE 491\SoftwarePWM\My Project (3)\hal\utils\src\utils_assert.c 0x00000000   Number         0  utils_assert.o ABSOLUTE
    C:\Users\bdarp\Documents\UK Fall 2020\EE 491\SoftwarePWM\My Project (3)\hal\utils\src\utils_event.c 0x00000000   Number         0  utils_event.o ABSOLUTE
    C:\Users\bdarp\Documents\UK Fall 2020\EE 491\SoftwarePWM\My Project (3)\hal\utils\src\utils_list.c 0x00000000   Number         0  utils_list.o ABSOLUTE
    C:\Users\bdarp\Documents\UK Fall 2020\EE 491\SoftwarePWM\My Project (3)\hpl\ac\hpl_ac.c 0x00000000   Number         0  hpl_ac.o ABSOLUTE
    C:\Users\bdarp\Documents\UK Fall 2020\EE 491\SoftwarePWM\My Project (3)\hpl\adc\hpl_adc.c 0x00000000   Number         0  hpl_adc.o ABSOLUTE
    C:\Users\bdarp\Documents\UK Fall 2020\EE 491\SoftwarePWM\My Project (3)\hpl\core\hpl_core_m0plus_base.c 0x00000000   Number         0  hpl_core_m0plus_base.o ABSOLUTE
    C:\Users\bdarp\Documents\UK Fall 2020\EE 491\SoftwarePWM\My Project (3)\hpl\core\hpl_init.c 0x00000000   Number         0  hpl_init.o ABSOLUTE
    C:\Users\bdarp\Documents\UK Fall 2020\EE 491\SoftwarePWM\My Project (3)\hpl\gclk\hpl_gclk.c 0x00000000   Number         0  hpl_gclk.o ABSOLUTE
    C:\Users\bdarp\Documents\UK Fall 2020\EE 491\SoftwarePWM\My Project (3)\hpl\pm\hpl_pm.c 0x00000000   Number         0  hpl_pm.o ABSOLUTE
    C:\Users\bdarp\Documents\UK Fall 2020\EE 491\SoftwarePWM\My Project (3)\hpl\sysctrl\hpl_sysctrl.c 0x00000000   Number         0  hpl_sysctrl.o ABSOLUTE
    C:\Users\bdarp\Documents\UK Fall 2020\EE 491\SoftwarePWM\My Project (3)\hpl\systick\hpl_systick.c 0x00000000   Number         0  hpl_systick.o ABSOLUTE
    C:\Users\bdarp\Documents\UK Fall 2020\EE 491\SoftwarePWM\My Project (3)\hpl\tc\hpl_tc.c 0x00000000   Number         0  hpl_tc.o ABSOLUTE
    C:\Users\bdarp\Documents\UK Fall 2020\EE 491\SoftwarePWM\My Project (3)\main.c 0x00000000   Number         0  main.o ABSOLUTE
    C:\\Users\\bdarp\\Documents\\UK Fall 2020\\EE 491\\SoftwarePWM\\My Project (3)\\atmel_start.c 0x00000000   Number         0  atmel_start.o ABSOLUTE
    C:\\Users\\bdarp\\Documents\\UK Fall 2020\\EE 491\\SoftwarePWM\\My Project (3)\\driver_init.c 0x00000000   Number         0  driver_init.o ABSOLUTE
    C:\\Users\\bdarp\\Documents\\UK Fall 2020\\EE 491\\SoftwarePWM\\My Project (3)\\examples\\driver_examples.c 0x00000000   Number         0  driver_examples.o ABSOLUTE
    C:\\Users\\bdarp\\Documents\\UK Fall 2020\\EE 491\\SoftwarePWM\\My Project (3)\\hal\\src\\hal_ac_sync.c 0x00000000   Number         0  hal_ac_sync.o ABSOLUTE
    C:\\Users\\bdarp\\Documents\\UK Fall 2020\\EE 491\\SoftwarePWM\\My Project (3)\\hal\\src\\hal_adc_sync.c 0x00000000   Number         0  hal_adc_sync.o ABSOLUTE
    C:\\Users\\bdarp\\Documents\\UK Fall 2020\\EE 491\\SoftwarePWM\\My Project (3)\\hal\\src\\hal_atomic.c 0x00000000   Number         0  hal_atomic.o ABSOLUTE
    C:\\Users\\bdarp\\Documents\\UK Fall 2020\\EE 491\\SoftwarePWM\\My Project (3)\\hal\\src\\hal_delay.c 0x00000000   Number         0  hal_delay.o ABSOLUTE
    C:\\Users\\bdarp\\Documents\\UK Fall 2020\\EE 491\\SoftwarePWM\\My Project (3)\\hal\\src\\hal_gpio.c 0x00000000   Number         0  hal_gpio.o ABSOLUTE
    C:\\Users\\bdarp\\Documents\\UK Fall 2020\\EE 491\\SoftwarePWM\\My Project (3)\\hal\\src\\hal_init.c 0x00000000   Number         0  hal_init.o ABSOLUTE
    C:\\Users\\bdarp\\Documents\\UK Fall 2020\\EE 491\\SoftwarePWM\\My Project (3)\\hal\\src\\hal_io.c 0x00000000   Number         0  hal_io.o ABSOLUTE
    C:\\Users\\bdarp\\Documents\\UK Fall 2020\\EE 491\\SoftwarePWM\\My Project (3)\\hal\\src\\hal_pwm.c 0x00000000   Number         0  hal_pwm.o ABSOLUTE
    C:\\Users\\bdarp\\Documents\\UK Fall 2020\\EE 491\\SoftwarePWM\\My Project (3)\\hal\\src\\hal_sleep.c 0x00000000   Number         0  hal_sleep.o ABSOLUTE
    C:\\Users\\bdarp\\Documents\\UK Fall 2020\\EE 491\\SoftwarePWM\\My Project (3)\\hal\\utils\\src\\utils_assert.c 0x00000000   Number         0  utils_assert.o ABSOLUTE
    C:\\Users\\bdarp\\Documents\\UK Fall 2020\\EE 491\\SoftwarePWM\\My Project (3)\\hal\\utils\\src\\utils_event.c 0x00000000   Number         0  utils_event.o ABSOLUTE
    C:\\Users\\bdarp\\Documents\\UK Fall 2020\\EE 491\\SoftwarePWM\\My Project (3)\\hal\\utils\\src\\utils_list.c 0x00000000   Number         0  utils_list.o ABSOLUTE
    C:\\Users\\bdarp\\Documents\\UK Fall 2020\\EE 491\\SoftwarePWM\\My Project (3)\\hpl\\ac\\hpl_ac.c 0x00000000   Number         0  hpl_ac.o ABSOLUTE
    C:\\Users\\bdarp\\Documents\\UK Fall 2020\\EE 491\\SoftwarePWM\\My Project (3)\\hpl\\adc\\hpl_adc.c 0x00000000   Number         0  hpl_adc.o ABSOLUTE
    C:\\Users\\bdarp\\Documents\\UK Fall 2020\\EE 491\\SoftwarePWM\\My Project (3)\\hpl\\core\\hpl_core_m0plus_base.c 0x00000000   Number         0  hpl_core_m0plus_base.o ABSOLUTE
    C:\\Users\\bdarp\\Documents\\UK Fall 2020\\EE 491\\SoftwarePWM\\My Project (3)\\hpl\\core\\hpl_init.c 0x00000000   Number         0  hpl_init.o ABSOLUTE
    C:\\Users\\bdarp\\Documents\\UK Fall 2020\\EE 491\\SoftwarePWM\\My Project (3)\\hpl\\gclk\\hpl_gclk.c 0x00000000   Number         0  hpl_gclk.o ABSOLUTE
    C:\\Users\\bdarp\\Documents\\UK Fall 2020\\EE 491\\SoftwarePWM\\My Project (3)\\hpl\\pm\\hpl_pm.c 0x00000000   Number         0  hpl_pm.o ABSOLUTE
    C:\\Users\\bdarp\\Documents\\UK Fall 2020\\EE 491\\SoftwarePWM\\My Project (3)\\hpl\\sysctrl\\hpl_sysctrl.c 0x00000000   Number         0  hpl_sysctrl.o ABSOLUTE
    C:\\Users\\bdarp\\Documents\\UK Fall 2020\\EE 491\\SoftwarePWM\\My Project (3)\\hpl\\systick\\hpl_systick.c 0x00000000   Number         0  hpl_systick.o ABSOLUTE
    C:\\Users\\bdarp\\Documents\\UK Fall 2020\\EE 491\\SoftwarePWM\\My Project (3)\\hpl\\tc\\hpl_tc.c 0x00000000   Number         0  hpl_tc.o ABSOLUTE
    C:\\Users\\bdarp\\Documents\\UK Fall 2020\\EE 491\\SoftwarePWM\\My Project (3)\\main.c 0x00000000   Number         0  main.o ABSOLUTE
    RTE\Device\ATSAMD20J18\startup_SAMD20.s  0x00000000   Number         0  startup_samd20.o ABSOLUTE
    RTE\Device\ATSAMD20J18\system_samd20.c   0x00000000   Number         0  system_samd20.o ABSOLUTE
    RTE\\Device\\ATSAMD20J18\\system_samd20.c 0x00000000   Number         0  system_samd20.o ABSOLUTE
    dc.s                                     0x00000000   Number         0  dc.o ABSOLUTE
    !!!main                                  0x000000a4   Section        8  __main.o(!!!main)
    !!!scatter                               0x000000ac   Section       60  __scatter.o(!!!scatter)
    !!handler_copy                           0x000000e8   Section       26  __scatter_copy.o(!!handler_copy)
    !!handler_zi                             0x00000104   Section       28  __scatter_zi.o(!!handler_zi)
    .ARM.Collect$$libinit$$00000000          0x00000120   Section        2  libinit.o(.ARM.Collect$$libinit$$00000000)
    .ARM.Collect$$libinit$$00000002          0x00000122   Section        0  libinit2.o(.ARM.Collect$$libinit$$00000002)
    .ARM.Collect$$libinit$$00000004          0x00000122   Section        0  libinit2.o(.ARM.Collect$$libinit$$00000004)
    .ARM.Collect$$libinit$$0000000A          0x00000122   Section        0  libinit2.o(.ARM.Collect$$libinit$$0000000A)
    .ARM.Collect$$libinit$$0000000C          0x00000122   Section        0  libinit2.o(.ARM.Collect$$libinit$$0000000C)
    .ARM.Collect$$libinit$$0000000E          0x00000122   Section        0  libinit2.o(.ARM.Collect$$libinit$$0000000E)
    .ARM.Collect$$libinit$$00000011          0x00000122   Section        0  libinit2.o(.ARM.Collect$$libinit$$00000011)
    .ARM.Collect$$libinit$$00000013          0x00000122   Section        0  libinit2.o(.ARM.Collect$$libinit$$00000013)
    .ARM.Collect$$libinit$$00000015          0x00000122   Section        0  libinit2.o(.ARM.Collect$$libinit$$00000015)
    .ARM.Collect$$libinit$$00000017          0x00000122   Section        0  libinit2.o(.ARM.Collect$$libinit$$00000017)
    .ARM.Collect$$libinit$$00000019          0x00000122   Section        0  libinit2.o(.ARM.Collect$$libinit$$00000019)
    .ARM.Collect$$libinit$$0000001B          0x00000122   Section        0  libinit2.o(.ARM.Collect$$libinit$$0000001B)
    .ARM.Collect$$libinit$$0000001D          0x00000122   Section        0  libinit2.o(.ARM.Collect$$libinit$$0000001D)
    .ARM.Collect$$libinit$$0000001F          0x00000122   Section        0  libinit2.o(.ARM.Collect$$libinit$$0000001F)
    .ARM.Collect$$libinit$$00000021          0x00000122   Section        0  libinit2.o(.ARM.Collect$$libinit$$00000021)
    .ARM.Collect$$libinit$$00000023          0x00000122   Section        0  libinit2.o(.ARM.Collect$$libinit$$00000023)
    .ARM.Collect$$libinit$$00000025          0x00000122   Section        0  libinit2.o(.ARM.Collect$$libinit$$00000025)
    .ARM.Collect$$libinit$$0000002C          0x00000122   Section        0  libinit2.o(.ARM.Collect$$libinit$$0000002C)
    .ARM.Collect$$libinit$$0000002E          0x00000122   Section        0  libinit2.o(.ARM.Collect$$libinit$$0000002E)
    .ARM.Collect$$libinit$$00000030          0x00000122   Section        0  libinit2.o(.ARM.Collect$$libinit$$00000030)
    .ARM.Collect$$libinit$$00000032          0x00000122   Section        0  libinit2.o(.ARM.Collect$$libinit$$00000032)
    .ARM.Collect$$libinit$$00000033          0x00000122   Section        2  libinit2.o(.ARM.Collect$$libinit$$00000033)
    .ARM.Collect$$libshutdown$$00000000      0x00000124   Section        2  libshutdown.o(.ARM.Collect$$libshutdown$$00000000)
    .ARM.Collect$$libshutdown$$00000002      0x00000126   Section        0  libshutdown2.o(.ARM.Collect$$libshutdown$$00000002)
    .ARM.Collect$$libshutdown$$00000004      0x00000126   Section        0  libshutdown2.o(.ARM.Collect$$libshutdown$$00000004)
    .ARM.Collect$$libshutdown$$00000007      0x00000126   Section        0  libshutdown2.o(.ARM.Collect$$libshutdown$$00000007)
    .ARM.Collect$$libshutdown$$0000000A      0x00000126   Section        0  libshutdown2.o(.ARM.Collect$$libshutdown$$0000000A)
    .ARM.Collect$$libshutdown$$0000000C      0x00000126   Section        0  libshutdown2.o(.ARM.Collect$$libshutdown$$0000000C)
    .ARM.Collect$$libshutdown$$0000000F      0x00000126   Section        0  libshutdown2.o(.ARM.Collect$$libshutdown$$0000000F)
    .ARM.Collect$$libshutdown$$00000010      0x00000126   Section        2  libshutdown2.o(.ARM.Collect$$libshutdown$$00000010)
    .ARM.Collect$$rtentry$$00000000          0x00000128   Section        0  __rtentry.o(.ARM.Collect$$rtentry$$00000000)
    .ARM.Collect$$rtentry$$00000002          0x00000128   Section        0  __rtentry2.o(.ARM.Collect$$rtentry$$00000002)
    .ARM.Collect$$rtentry$$00000004          0x00000128   Section        6  __rtentry4.o(.ARM.Collect$$rtentry$$00000004)
    .ARM.Collect$$rtentry$$00000009          0x0000012e   Section        0  __rtentry2.o(.ARM.Collect$$rtentry$$00000009)
    .ARM.Collect$$rtentry$$0000000A          0x0000012e   Section        4  __rtentry2.o(.ARM.Collect$$rtentry$$0000000A)
    .ARM.Collect$$rtentry$$0000000C          0x00000132   Section        0  __rtentry2.o(.ARM.Collect$$rtentry$$0000000C)
    .ARM.Collect$$rtentry$$0000000D          0x00000132   Section        8  __rtentry2.o(.ARM.Collect$$rtentry$$0000000D)
    .ARM.Collect$$rtexit$$00000000           0x0000013a   Section        2  rtexit.o(.ARM.Collect$$rtexit$$00000000)
    .ARM.Collect$$rtexit$$00000002           0x0000013c   Section        0  rtexit2.o(.ARM.Collect$$rtexit$$00000002)
    .ARM.Collect$$rtexit$$00000003           0x0000013c   Section        4  rtexit2.o(.ARM.Collect$$rtexit$$00000003)
    .ARM.Collect$$rtexit$$00000004           0x00000140   Section        6  rtexit2.o(.ARM.Collect$$rtexit$$00000004)
    .text                                    0x00000148   Section       52  startup_samd20.o(.text)
    .text                                    0x0000017c   Section      346  aeabi_sdiv.o(.text)
    .text                                    0x000002d6   Section        0  heapauxi.o(.text)
    .text                                    0x000002dc   Section       62  sys_stackheap_outer.o(.text)
    .text                                    0x0000031a   Section        0  exit.o(.text)
    .text                                    0x0000032c   Section        8  libspace.o(.text)
    .text                                    0x00000334   Section        0  sys_exit.o(.text)
    .text                                    0x00000340   Section        2  use_no_semi.o(.text)
    .text                                    0x00000342   Section        0  indicate_semi.o(.text)
    i.AC_0_CLOCK_init                        0x00000344   Section        0  driver_init.o(i.AC_0_CLOCK_init)
    i.AC_0_PORT_init                         0x00000364   Section        0  driver_init.o(i.AC_0_PORT_init)
    i.AC_0_init                              0x00000368   Section        0  driver_init.o(i.AC_0_init)
    i.ADC_0_CLOCK_init                       0x00000384   Section        0  driver_init.o(i.ADC_0_CLOCK_init)
    i.ADC_0_PORT_init                        0x0000039c   Section        0  driver_init.o(i.ADC_0_PORT_init)
    i.ADC_0_init                             0x000003a0   Section        0  driver_init.o(i.ADC_0_init)
    i.PWM_0_CLOCK_init                       0x000003c0   Section        0  driver_init.o(i.PWM_0_CLOCK_init)
    i.PWM_0_PORT_init                        0x000003d8   Section        0  driver_init.o(i.PWM_0_PORT_init)
    i.PWM_0_init                             0x000003f4   Section        0  driver_init.o(i.PWM_0_init)
    i.SystemInit                             0x00000418   Section        0  system_samd20.o(i.SystemInit)
    i.TC2_Handler                            0x00000428   Section        0  hpl_tc.o(i.TC2_Handler)
    i.__ARM_common_switch8                   0x00000438   Section        0  hpl_core_m0plus_base.o(i.__ARM_common_switch8)
    i.__NVIC_DisableIRQ                      0x00000454   Section        0  hpl_tc.o(i.__NVIC_DisableIRQ)
    __NVIC_DisableIRQ                        0x00000455   Thumb Code    50  hpl_tc.o(i.__NVIC_DisableIRQ)
    i._ac_init                               0x0000048c   Section        0  hpl_ac.o(i._ac_init)
    _ac_init                                 0x0000048d   Thumb Code   136  hpl_ac.o(i._ac_init)
    i._ac_sync_init                          0x00000514   Section        0  hpl_ac.o(i._ac_sync_init)
    i._adc_get_hardware_index                0x00000524   Section        0  hpl_adc.o(i._adc_get_hardware_index)
    _adc_get_hardware_index                  0x00000525   Thumb Code     6  hpl_adc.o(i._adc_get_hardware_index)
    i._adc_get_regs                          0x0000052c   Section        0  hpl_adc.o(i._adc_get_regs)
    _adc_get_regs                            0x0000052d   Thumb Code    44  hpl_adc.o(i._adc_get_regs)
    i._adc_init                              0x0000055c   Section        0  hpl_adc.o(i._adc_init)
    _adc_init                                0x0000055d   Thumb Code   294  hpl_adc.o(i._adc_init)
    i._adc_sync_init                         0x0000068c   Section        0  hpl_adc.o(i._adc_sync_init)
    i._delay_cycles                          0x000006a8   Section        0  hpl_systick.o(i._delay_cycles)
    i._delay_init                            0x000006f8   Section        0  hpl_systick.o(i._delay_init)
    i._gclk_enable_channel                   0x00000704   Section        0  driver_init.o(i._gclk_enable_channel)
    _gclk_enable_channel                     0x00000705   Thumb Code    28  driver_init.o(i._gclk_enable_channel)
    i._gclk_init_generators_by_fref          0x00000724   Section        0  hpl_gclk.o(i._gclk_init_generators_by_fref)
    i._get_ac_cfg                            0x0000074c   Section        0  hpl_ac.o(i._get_ac_cfg)
    _get_ac_cfg                              0x0000074d   Thumb Code    38  hpl_ac.o(i._get_ac_cfg)
    i._get_cycles_for_ms                     0x00000778   Section        0  hpl_core_m0plus_base.o(i._get_cycles_for_ms)
    i._get_cycles_for_ms_internal            0x0000078c   Section        0  hpl_core_m0plus_base.o(i._get_cycles_for_ms_internal)
    _get_cycles_for_ms_internal              0x0000078d   Thumb Code   136  hpl_core_m0plus_base.o(i._get_cycles_for_ms_internal)
    i._gpio_set_direction                    0x0000081c   Section        0  driver_init.o(i._gpio_set_direction)
    _gpio_set_direction                      0x0000081d   Thumb Code   174  driver_init.o(i._gpio_set_direction)
    i._gpio_set_pin_function                 0x000008d8   Section        0  driver_init.o(i._gpio_set_pin_function)
    _gpio_set_pin_function                   0x000008d9   Thumb Code   140  driver_init.o(i._gpio_set_pin_function)
    i._gpio_set_pin_pull_mode                0x00000968   Section        0  driver_init.o(i._gpio_set_pin_pull_mode)
    _gpio_set_pin_pull_mode                  0x00000969   Thumb Code   142  driver_init.o(i._gpio_set_pin_pull_mode)
    i._init_chip                             0x000009fc   Section        0  hpl_init.o(i._init_chip)
    i._pm_enable_bus_clock                   0x00000a2c   Section        0  driver_init.o(i._pm_enable_bus_clock)
    _pm_enable_bus_clock                     0x00000a2d   Thumb Code   138  driver_init.o(i._pm_enable_bus_clock)
    i._pm_get_ahb_index                      0x00000abc   Section        0  driver_init.o(i._pm_get_ahb_index)
    _pm_get_ahb_index                        0x00000abd   Thumb Code    52  driver_init.o(i._pm_get_ahb_index)
    i._pm_get_apbb_index                     0x00000af8   Section        0  driver_init.o(i._pm_get_apbb_index)
    _pm_get_apbb_index                       0x00000af9   Thumb Code    50  driver_init.o(i._pm_get_apbb_index)
    i._pm_init                               0x00000b38   Section        0  hpl_pm.o(i._pm_init)
    i._pwm_enable                            0x00000b68   Section        0  hpl_tc.o(i._pwm_enable)
    i._pwm_init                              0x00000b78   Section        0  hpl_tc.o(i._pwm_init)
    i._pwm_is_enabled                        0x00000cc0   Section        0  hpl_tc.o(i._pwm_is_enabled)
    i._pwm_set_param                         0x00000cdc   Section        0  hpl_tc.o(i._pwm_set_param)
    i._sysctrl_init_referenced_generators    0x00000d68   Section        0  hpl_sysctrl.o(i._sysctrl_init_referenced_generators)
    i._sysctrl_init_sources                  0x00000d7c   Section        0  hpl_sysctrl.o(i._sysctrl_init_sources)
    i._system_time_init                      0x00000df8   Section        0  hpl_systick.o(i._system_time_init)
    i._tc_get_pwm                            0x00000e0c   Section        0  hpl_tc.o(i._tc_get_pwm)
    i._tc_init_irq_param                     0x00000e10   Section        0  hpl_tc.o(i._tc_init_irq_param)
    _tc_init_irq_param                       0x00000e11   Thumb Code    12  hpl_tc.o(i._tc_init_irq_param)
    i.ac_sync_init                           0x00000e24   Section        0  hal_ac_sync.o(i.ac_sync_init)
    i.adc_sync_init                          0x00000e34   Section        0  hal_adc_sync.o(i.adc_sync_init)
    i.atmel_start_init                       0x00000e46   Section        0  atmel_start.o(i.atmel_start_init)
    i.atomic_enter_critical                  0x00000e4e   Section        0  hal_atomic.o(i.atomic_enter_critical)
    i.atomic_leave_critical                  0x00000e6a   Section        0  hal_atomic.o(i.atomic_leave_critical)
    i.delay_driver_init                      0x00000e84   Section        0  driver_init.o(i.delay_driver_init)
    i.delay_init                             0x00000e94   Section        0  hal_delay.o(i.delay_init)
    i.delay_ms                               0x00000ea8   Section        0  hal_delay.o(i.delay_ms)
    i.displaydigit                           0x00000ec4   Section        0  main.o(i.displaydigit)
    i.get_tc_index                           0x00000f1c   Section        0  hpl_tc.o(i.get_tc_index)
    get_tc_index                             0x00000f1d   Thumb Code    46  hpl_tc.o(i.get_tc_index)
    i.gpio_get_pin_level                     0x00000f50   Section        0  main.o(i.gpio_get_pin_level)
    gpio_get_pin_level                       0x00000f51   Thumb Code    78  main.o(i.gpio_get_pin_level)
    i.gpio_set_pin_direction                 0x00000fa4   Section        0  driver_init.o(i.gpio_set_pin_direction)
    gpio_set_pin_direction                   0x00000fa5   Thumb Code    26  driver_init.o(i.gpio_set_pin_direction)
    i.gpio_set_pin_function                  0x00000fbe   Section        0  driver_init.o(i.gpio_set_pin_function)
    gpio_set_pin_function                    0x00000fbf   Thumb Code    16  driver_init.o(i.gpio_set_pin_function)
    i.gpio_set_pin_level                     0x00000fce   Section        0  driver_init.o(i.gpio_set_pin_level)
    gpio_set_pin_level                       0x00000fcf   Thumb Code    54  driver_init.o(i.gpio_set_pin_level)
    i.gpio_set_pin_level                     0x00001004   Section        0  main.o(i.gpio_set_pin_level)
    gpio_set_pin_level                       0x00001005   Thumb Code    54  main.o(i.gpio_set_pin_level)
    i.hri_ac_wait_for_sync                   0x0000103a   Section        0  hpl_ac.o(i.hri_ac_wait_for_sync)
    hri_ac_wait_for_sync                     0x0000103b   Thumb Code    12  hpl_ac.o(i.hri_ac_wait_for_sync)
    i.hri_ac_write_COMPCTRL_reg              0x00001046   Section        0  hpl_ac.o(i.hri_ac_write_COMPCTRL_reg)
    hri_ac_write_COMPCTRL_reg                0x00001047   Thumb Code    24  hpl_ac.o(i.hri_ac_write_COMPCTRL_reg)
    i.hri_ac_write_CTRLA_reg                 0x0000105e   Section        0  hpl_ac.o(i.hri_ac_write_CTRLA_reg)
    hri_ac_write_CTRLA_reg                   0x0000105f   Thumb Code    16  hpl_ac.o(i.hri_ac_write_CTRLA_reg)
    i.hri_ac_write_SCALER_reg                0x0000106e   Section        0  hpl_ac.o(i.hri_ac_write_SCALER_reg)
    hri_ac_write_SCALER_reg                  0x0000106f   Thumb Code     8  hpl_ac.o(i.hri_ac_write_SCALER_reg)
    i.hri_adc_wait_for_sync                  0x00001076   Section        0  hpl_adc.o(i.hri_adc_wait_for_sync)
    hri_adc_wait_for_sync                    0x00001077   Thumb Code    12  hpl_adc.o(i.hri_adc_wait_for_sync)
    i.hri_adc_write_CTRLA_reg                0x00001082   Section        0  hpl_adc.o(i.hri_adc_write_CTRLA_reg)
    hri_adc_write_CTRLA_reg                  0x00001083   Thumb Code     4  hpl_adc.o(i.hri_adc_write_CTRLA_reg)
    i.hri_adc_write_WINLT_reg                0x00001086   Section        0  hpl_adc.o(i.hri_adc_write_WINLT_reg)
    hri_adc_write_WINLT_reg                  0x00001087   Thumb Code    16  hpl_adc.o(i.hri_adc_write_WINLT_reg)
    i.hri_adc_write_WINUT_reg                0x00001096   Section        0  hpl_adc.o(i.hri_adc_write_WINUT_reg)
    hri_adc_write_WINUT_reg                  0x00001097   Thumb Code    16  hpl_adc.o(i.hri_adc_write_WINUT_reg)
    i.hri_gclk_write_GENCTRL_reg             0x000010a6   Section        0  hpl_gclk.o(i.hri_gclk_write_GENCTRL_reg)
    hri_gclk_write_GENCTRL_reg               0x000010a7   Thumb Code    20  hpl_gclk.o(i.hri_gclk_write_GENCTRL_reg)
    i.hri_gclk_write_GENDIV_reg              0x000010ba   Section        0  hpl_gclk.o(i.hri_gclk_write_GENDIV_reg)
    hri_gclk_write_GENDIV_reg                0x000010bb   Thumb Code     4  hpl_gclk.o(i.hri_gclk_write_GENDIV_reg)
    i.hri_port_clear_DIR_reg                 0x000010be   Section        0  driver_init.o(i.hri_port_clear_DIR_reg)
    hri_port_clear_DIR_reg                   0x000010bf   Thumb Code     8  driver_init.o(i.hri_port_clear_DIR_reg)
    i.hri_port_clear_OUT_reg                 0x000010c6   Section        0  driver_init.o(i.hri_port_clear_OUT_reg)
    hri_port_clear_OUT_reg                   0x000010c7   Thumb Code     8  driver_init.o(i.hri_port_clear_OUT_reg)
    i.hri_port_set_OUT_reg                   0x000010ce   Section        0  driver_init.o(i.hri_port_set_OUT_reg)
    hri_port_set_OUT_reg                     0x000010cf   Thumb Code     8  driver_init.o(i.hri_port_set_OUT_reg)
    i.hri_port_set_PINCFG_PULLEN_bit         0x000010d6   Section        0  driver_init.o(i.hri_port_set_PINCFG_PULLEN_bit)
    hri_port_set_PINCFG_PULLEN_bit           0x000010d7   Thumb Code    24  driver_init.o(i.hri_port_set_PINCFG_PULLEN_bit)
    i.hri_port_write_PINCFG_PMUXEN_bit       0x000010ee   Section        0  driver_init.o(i.hri_port_write_PINCFG_PMUXEN_bit)
    hri_port_write_PINCFG_PMUXEN_bit         0x000010ef   Thumb Code    32  driver_init.o(i.hri_port_write_PINCFG_PMUXEN_bit)
    i.hri_port_write_WRCONFIG_reg            0x0000110e   Section        0  driver_init.o(i.hri_port_write_WRCONFIG_reg)
    hri_port_write_WRCONFIG_reg              0x0000110f   Thumb Code     8  driver_init.o(i.hri_port_write_WRCONFIG_reg)
    i.hri_tc_wait_for_sync                   0x00001116   Section        0  hpl_tc.o(i.hri_tc_wait_for_sync)
    hri_tc_wait_for_sync                     0x00001117   Thumb Code    12  hpl_tc.o(i.hri_tc_wait_for_sync)
    i.hri_tc_write_CTRLA_reg                 0x00001122   Section        0  hpl_tc.o(i.hri_tc_write_CTRLA_reg)
    hri_tc_write_CTRLA_reg                   0x00001123   Thumb Code     4  hpl_tc.o(i.hri_tc_write_CTRLA_reg)
    i.hri_tccount16_write_CC_reg             0x00001126   Section        0  hpl_tc.o(i.hri_tccount16_write_CC_reg)
    hri_tccount16_write_CC_reg               0x00001127   Thumb Code    12  hpl_tc.o(i.hri_tccount16_write_CC_reg)
    i.hri_tccount32_write_CC_reg             0x00001132   Section        0  hpl_tc.o(i.hri_tccount32_write_CC_reg)
    hri_tccount32_write_CC_reg               0x00001133   Thumb Code    12  hpl_tc.o(i.hri_tccount32_write_CC_reg)
    i.int2bits                               0x0000113e   Section        0  main.o(i.int2bits)
    i.main                                   0x00001168   Section        0  main.o(i.main)
    i.pwm_detect_fault                       0x00001330   Section        0  hal_pwm.o(i.pwm_detect_fault)
    pwm_detect_fault                         0x00001331   Thumb Code    20  hal_pwm.o(i.pwm_detect_fault)
    i.pwm_enable                             0x00001344   Section        0  hal_pwm.o(i.pwm_enable)
    i.pwm_init                               0x00001364   Section        0  hal_pwm.o(i.pwm_init)
    i.pwm_period_expired                     0x00001388   Section        0  hal_pwm.o(i.pwm_period_expired)
    pwm_period_expired                       0x00001389   Thumb Code    20  hal_pwm.o(i.pwm_period_expired)
    i.pwm_set_parameters                     0x0000139c   Section        0  hal_pwm.o(i.pwm_set_parameters)
    i.system_init                            0x000013b2   Section        0  driver_init.o(i.system_init)
    i.tc_get_hardware_index                  0x0000158e   Section        0  hpl_tc.o(i.tc_get_hardware_index)
    tc_get_hardware_index                    0x0000158f   Thumb Code    14  hpl_tc.o(i.tc_get_hardware_index)
    i.tc_pwm_interrupt_handler               0x0000159c   Section        0  hpl_tc.o(i.tc_pwm_interrupt_handler)
    tc_pwm_interrupt_handler                 0x0000159d   Thumb Code    74  hpl_tc.o(i.tc_pwm_interrupt_handler)
    .constdata                               0x000015e8   Section       20  hpl_ac.o(.constdata)
    _cfgs                                    0x000015e8   Data          20  hpl_ac.o(.constdata)
    .data                                    0x20000000   Section        8  driver_init.o(.data)
    .data                                    0x20000008   Section        4  hal_delay.o(.data)
    hardware                                 0x20000008   Data           4  hal_delay.o(.data)
    .data                                    0x2000000c   Section       32  hpl_adc.o(.data)
    _adcs                                    0x2000000c   Data          28  hpl_adc.o(.data)
    _adc_dev                                 0x20000028   Data           4  hpl_adc.o(.data)
    .data                                    0x2000002c   Section       24  hpl_tc.o(.data)
    _tcs                                     0x2000002c   Data          20  hpl_tc.o(.data)
    _tc2_dev                                 0x20000040   Data           4  hpl_tc.o(.data)
    .data                                    0x20000044   Section       20  main.o(.data)
    .data                                    0x20000058   Section        4  system_samd20.o(.data)
    .bss                                     0x2000005c   Section       28  driver_init.o(.bss)
    .bss                                     0x20000078   Section       16  main.o(.bss)
    .bss                                     0x20000088   Section       96  libspace.o(.bss)
    HEAP                                     0x200000e8   Section        0  startup_samd20.o(HEAP)
    STACK                                    0x200000e8   Section      512  startup_samd20.o(STACK)
    Heap_Mem                                 0x200000e8   Data           0  startup_samd20.o(HEAP)
    Stack_Mem                                0x200000e8   Data         512  startup_samd20.o(STACK)
    __initial_sp                             0x200002e8   Data           0  startup_samd20.o(STACK)

    Global Symbols

    Symbol Name                              Value     Ov Type        Size  Object(Section)

    BuildAttributes$$THM_ISAv3M$S$PE$A:L22$X:L11$S22$IEEE1$IW$USESV6$~STKCKD$USESV7$~SHL$OSPACE$ROPI$EBA8$UX$STANDARDLIB$REQ8$PRES8$EABIv2 0x00000000   Number         0  anon$$obj.o ABSOLUTE
    __ARM_use_no_argv                        0x00000000   Number         0  main.o ABSOLUTE
    __Vectors                                0x00000000   Data           4  startup_samd20.o(RESET)
    __ARM_exceptions_init                     - Undefined Weak Reference
    __alloca_initialize                       - Undefined Weak Reference
    __arm_preinit_                            - Undefined Weak Reference
    __cpp_initialize__aeabi_                  - Undefined Weak Reference
    __cxa_finalize                            - Undefined Weak Reference
    __rt_locale                               - Undefined Weak Reference
    __sigvec_lookup                           - Undefined Weak Reference
    _atexit_init                              - Undefined Weak Reference
    _call_atexit_fns                          - Undefined Weak Reference
    _clock_init                               - Undefined Weak Reference
    _fp_trap_init                             - Undefined Weak Reference
    _fp_trap_shutdown                         - Undefined Weak Reference
    _get_lc_collate                           - Undefined Weak Reference
    _get_lc_ctype                             - Undefined Weak Reference
    _get_lc_monetary                          - Undefined Weak Reference
    _get_lc_numeric                           - Undefined Weak Reference
    _get_lc_time                              - Undefined Weak Reference
    _getenv_init                              - Undefined Weak Reference
    _handle_redirection                       - Undefined Weak Reference
    _init_alloc                               - Undefined Weak Reference
    _init_user_alloc                          - Undefined Weak Reference
    _initio                                   - Undefined Weak Reference
    _rand_init                                - Undefined Weak Reference
    _signal_finish                            - Undefined Weak Reference
    _signal_init                              - Undefined Weak Reference
    _terminate_alloc                          - Undefined Weak Reference
    _terminate_user_alloc                     - Undefined Weak Reference
    _terminateio                              - Undefined Weak Reference
    __Vectors_End                            0x000000a4   Data           0  startup_samd20.o(RESET)
    __Vectors_Size                           0x000000a4   Number         0  startup_samd20.o ABSOLUTE
    __main                                   0x000000a5   Thumb Code     8  __main.o(!!!main)
    __scatterload                            0x000000ad   Thumb Code     0  __scatter.o(!!!scatter)
    __scatterload_rt2                        0x000000ad   Thumb Code    52  __scatter.o(!!!scatter)
    __scatterload_rt2_thumb_only             0x000000ad   Thumb Code     0  __scatter.o(!!!scatter)
    __scatterload_null                       0x000000bd   Thumb Code     0  __scatter.o(!!!scatter)
    __scatterload_copy                       0x000000e9   Thumb Code    26  __scatter_copy.o(!!handler_copy)
    __scatterload_zeroinit                   0x00000105   Thumb Code    28  __scatter_zi.o(!!handler_zi)
    __rt_lib_init                            0x00000121   Thumb Code     0  libinit.o(.ARM.Collect$$libinit$$00000000)
    __rt_lib_init_alloca_1                   0x00000123   Thumb Code     0  libinit2.o(.ARM.Collect$$libinit$$0000002E)
    __rt_lib_init_argv_1                     0x00000123   Thumb Code     0  libinit2.o(.ARM.Collect$$libinit$$0000002C)
    __rt_lib_init_atexit_1                   0x00000123   Thumb Code     0  libinit2.o(.ARM.Collect$$libinit$$0000001B)
    __rt_lib_init_clock_1                    0x00000123   Thumb Code     0  libinit2.o(.ARM.Collect$$libinit$$00000021)
    __rt_lib_init_cpp_1                      0x00000123   Thumb Code     0  libinit2.o(.ARM.Collect$$libinit$$00000032)
    __rt_lib_init_exceptions_1               0x00000123   Thumb Code     0  libinit2.o(.ARM.Collect$$libinit$$00000030)
    __rt_lib_init_fp_1                       0x00000123   Thumb Code     0  libinit2.o(.ARM.Collect$$libinit$$00000002)
    __rt_lib_init_fp_trap_1                  0x00000123   Thumb Code     0  libinit2.o(.ARM.Collect$$libinit$$0000001F)
    __rt_lib_init_getenv_1                   0x00000123   Thumb Code     0  libinit2.o(.ARM.Collect$$libinit$$00000023)
    __rt_lib_init_heap_1                     0x00000123   Thumb Code     0  libinit2.o(.ARM.Collect$$libinit$$0000000A)
    __rt_lib_init_lc_collate_1               0x00000123   Thumb Code     0  libinit2.o(.ARM.Collect$$libinit$$00000011)
    __rt_lib_init_lc_ctype_1                 0x00000123   Thumb Code     0  libinit2.o(.ARM.Collect$$libinit$$00000013)
    __rt_lib_init_lc_monetary_1              0x00000123   Thumb Code     0  libinit2.o(.ARM.Collect$$libinit$$00000015)
    __rt_lib_init_lc_numeric_1               0x00000123   Thumb Code     0  libinit2.o(.ARM.Collect$$libinit$$00000017)
    __rt_lib_init_lc_time_1                  0x00000123   Thumb Code     0  libinit2.o(.ARM.Collect$$libinit$$00000019)
    __rt_lib_init_preinit_1                  0x00000123   Thumb Code     0  libinit2.o(.ARM.Collect$$libinit$$00000004)
    __rt_lib_init_rand_1                     0x00000123   Thumb Code     0  libinit2.o(.ARM.Collect$$libinit$$0000000E)
    __rt_lib_init_return                     0x00000123   Thumb Code     0  libinit2.o(.ARM.Collect$$libinit$$00000033)
    __rt_lib_init_signal_1                   0x00000123   Thumb Code     0  libinit2.o(.ARM.Collect$$libinit$$0000001D)
    __rt_lib_init_stdio_1                    0x00000123   Thumb Code     0  libinit2.o(.ARM.Collect$$libinit$$00000025)
    __rt_lib_init_user_alloc_1               0x00000123   Thumb Code     0  libinit2.o(.ARM.Collect$$libinit$$0000000C)
    __rt_lib_shutdown                        0x00000125   Thumb Code     0  libshutdown.o(.ARM.Collect$$libshutdown$$00000000)
    __rt_lib_shutdown_cpp_1                  0x00000127   Thumb Code     0  libshutdown2.o(.ARM.Collect$$libshutdown$$00000002)
    __rt_lib_shutdown_fp_trap_1              0x00000127   Thumb Code     0  libshutdown2.o(.ARM.Collect$$libshutdown$$00000007)
    __rt_lib_shutdown_heap_1                 0x00000127   Thumb Code     0  libshutdown2.o(.ARM.Collect$$libshutdown$$0000000F)
    __rt_lib_shutdown_return                 0x00000127   Thumb Code     0  libshutdown2.o(.ARM.Collect$$libshutdown$$00000010)
    __rt_lib_shutdown_signal_1               0x00000127   Thumb Code     0  libshutdown2.o(.ARM.Collect$$libshutdown$$0000000A)
    __rt_lib_shutdown_stdio_1                0x00000127   Thumb Code     0  libshutdown2.o(.ARM.Collect$$libshutdown$$00000004)
    __rt_lib_shutdown_user_alloc_1           0x00000127   Thumb Code     0  libshutdown2.o(.ARM.Collect$$libshutdown$$0000000C)
    __rt_entry                               0x00000129   Thumb Code     0  __rtentry.o(.ARM.Collect$$rtentry$$00000000)
    __rt_entry_presh_1                       0x00000129   Thumb Code     0  __rtentry2.o(.ARM.Collect$$rtentry$$00000002)
    __rt_entry_sh                            0x00000129   Thumb Code     0  __rtentry4.o(.ARM.Collect$$rtentry$$00000004)
    __rt_entry_li                            0x0000012f   Thumb Code     0  __rtentry2.o(.ARM.Collect$$rtentry$$0000000A)
    __rt_entry_postsh_1                      0x0000012f   Thumb Code     0  __rtentry2.o(.ARM.Collect$$rtentry$$00000009)
    __rt_entry_main                          0x00000133   Thumb Code     0  __rtentry2.o(.ARM.Collect$$rtentry$$0000000D)
    __rt_entry_postli_1                      0x00000133   Thumb Code     0  __rtentry2.o(.ARM.Collect$$rtentry$$0000000C)
    __rt_exit                                0x0000013b   Thumb Code     0  rtexit.o(.ARM.Collect$$rtexit$$00000000)
    __rt_exit_ls                             0x0000013d   Thumb Code     0  rtexit2.o(.ARM.Collect$$rtexit$$00000003)
    __rt_exit_prels_1                        0x0000013d   Thumb Code     0  rtexit2.o(.ARM.Collect$$rtexit$$00000002)
    __rt_exit_exit                           0x00000141   Thumb Code     0  rtexit2.o(.ARM.Collect$$rtexit$$00000004)
    Reset_Handler                            0x00000149   Thumb Code     8  startup_samd20.o(.text)
    NMI_Handler                              0x00000151   Thumb Code     2  startup_samd20.o(.text)
    HardFault_Handler                        0x00000153   Thumb Code     2  startup_samd20.o(.text)
    SVC_Handler                              0x00000155   Thumb Code     2  startup_samd20.o(.text)
    PendSV_Handler                           0x00000157   Thumb Code     2  startup_samd20.o(.text)
    SysTick_Handler                          0x00000159   Thumb Code     2  startup_samd20.o(.text)
    AC_Handler                               0x0000015b   Thumb Code     0  startup_samd20.o(.text)
    ADC_Handler                              0x0000015b   Thumb Code     0  startup_samd20.o(.text)
    DAC_Handler                              0x0000015b   Thumb Code     0  startup_samd20.o(.text)
    EIC_Handler                              0x0000015b   Thumb Code     0  startup_samd20.o(.text)
    EVSYS_Handler                            0x0000015b   Thumb Code     0  startup_samd20.o(.text)
    NVMCTRL_Handler                          0x0000015b   Thumb Code     0  startup_samd20.o(.text)
    PM_Handler                               0x0000015b   Thumb Code     0  startup_samd20.o(.text)
    PTC_Handler                              0x0000015b   Thumb Code     0  startup_samd20.o(.text)
    RTC_Handler                              0x0000015b   Thumb Code     0  startup_samd20.o(.text)
    SERCOM0_Handler                          0x0000015b   Thumb Code     0  startup_samd20.o(.text)
    SERCOM1_Handler                          0x0000015b   Thumb Code     0  startup_samd20.o(.text)
    SERCOM2_Handler                          0x0000015b   Thumb Code     0  startup_samd20.o(.text)
    SERCOM3_Handler                          0x0000015b   Thumb Code     0  startup_samd20.o(.text)
    SERCOM4_Handler                          0x0000015b   Thumb Code     0  startup_samd20.o(.text)
    SERCOM5_Handler                          0x0000015b   Thumb Code     0  startup_samd20.o(.text)
    SYSCTRL_Handler                          0x0000015b   Thumb Code     0  startup_samd20.o(.text)
    TC0_Handler                              0x0000015b   Thumb Code     0  startup_samd20.o(.text)
    TC1_Handler                              0x0000015b   Thumb Code     0  startup_samd20.o(.text)
    TC3_Handler                              0x0000015b   Thumb Code     0  startup_samd20.o(.text)
    TC4_Handler                              0x0000015b   Thumb Code     0  startup_samd20.o(.text)
    TC5_Handler                              0x0000015b   Thumb Code     0  startup_samd20.o(.text)
    TC6_Handler                              0x0000015b   Thumb Code     0  startup_samd20.o(.text)
    TC7_Handler                              0x0000015b   Thumb Code     0  startup_samd20.o(.text)
    WDT_Handler                              0x0000015b   Thumb Code     0  startup_samd20.o(.text)
    __user_initial_stackheap                 0x0000015d   Thumb Code     0  startup_samd20.o(.text)
    __aeabi_uidiv                            0x0000017d   Thumb Code     0  aeabi_sdiv.o(.text)
    __aeabi_uidivmod                         0x0000017d   Thumb Code    20  aeabi_sdiv.o(.text)
    __aeabi_idiv                             0x00000191   Thumb Code     0  aeabi_sdiv.o(.text)
    __aeabi_idivmod                          0x00000191   Thumb Code   326  aeabi_sdiv.o(.text)
    __use_two_region_memory                  0x000002d7   Thumb Code     2  heapauxi.o(.text)
    __rt_heap_escrow$2region                 0x000002d9   Thumb Code     2  heapauxi.o(.text)
    __rt_heap_expand$2region                 0x000002db   Thumb Code     2  heapauxi.o(.text)
    __user_setup_stackheap                   0x000002dd   Thumb Code    62  sys_stackheap_outer.o(.text)
    exit                                     0x0000031b   Thumb Code    16  exit.o(.text)
    __user_libspace                          0x0000032d   Thumb Code     8  libspace.o(.text)
    __user_perproc_libspace                  0x0000032d   Thumb Code     0  libspace.o(.text)
    __user_perthread_libspace                0x0000032d   Thumb Code     0  libspace.o(.text)
    _sys_exit                                0x00000335   Thumb Code     8  sys_exit.o(.text)
    __I$use$semihosting                      0x00000341   Thumb Code     0  use_no_semi.o(.text)
    __use_no_semihosting_swi                 0x00000341   Thumb Code     2  use_no_semi.o(.text)
    __semihosting_library_function           0x00000343   Thumb Code     0  indicate_semi.o(.text)
    AC_0_CLOCK_init                          0x00000345   Thumb Code    28  driver_init.o(i.AC_0_CLOCK_init)
    AC_0_PORT_init                           0x00000365   Thumb Code     2  driver_init.o(i.AC_0_PORT_init)
    AC_0_init                                0x00000369   Thumb Code    20  driver_init.o(i.AC_0_init)
    ADC_0_CLOCK_init                         0x00000385   Thumb Code    20  driver_init.o(i.ADC_0_CLOCK_init)
    ADC_0_PORT_init                          0x0000039d   Thumb Code     2  driver_init.o(i.ADC_0_PORT_init)
    ADC_0_init                               0x000003a1   Thumb Code    22  driver_init.o(i.ADC_0_init)
    PWM_0_CLOCK_init                         0x000003c1   Thumb Code    20  driver_init.o(i.PWM_0_CLOCK_init)
    PWM_0_PORT_init                          0x000003d9   Thumb Code    20  driver_init.o(i.PWM_0_PORT_init)
    PWM_0_init                               0x000003f5   Thumb Code    28  driver_init.o(i.PWM_0_init)
    SystemInit                               0x00000419   Thumb Code     8  system_samd20.o(i.SystemInit)
    TC2_Handler                              0x00000429   Thumb Code    12  hpl_tc.o(i.TC2_Handler)
    __ARM_common_switch8                     0x00000439   Thumb Code    28  hpl_core_m0plus_base.o(i.__ARM_common_switch8)
    _ac_sync_init                            0x00000515   Thumb Code    16  hpl_ac.o(i._ac_sync_init)
    _adc_sync_init                           0x0000068d   Thumb Code    26  hpl_adc.o(i._adc_sync_init)
    _delay_cycles                            0x000006a9   Thumb Code    72  hpl_systick.o(i._delay_cycles)
    _delay_init                              0x000006f9   Thumb Code    12  hpl_systick.o(i._delay_init)
    _gclk_init_generators_by_fref            0x00000725   Thumb Code    34  hpl_gclk.o(i._gclk_init_generators_by_fref)
    _get_cycles_for_ms                       0x00000779   Thumb Code    16  hpl_core_m0plus_base.o(i._get_cycles_for_ms)
    _init_chip                               0x000009fd   Thumb Code    42  hpl_init.o(i._init_chip)
    _pm_init                                 0x00000b39   Thumb Code    44  hpl_pm.o(i._pm_init)
    _pwm_enable                              0x00000b69   Thumb Code    16  hpl_tc.o(i._pwm_enable)
    _pwm_init                                0x00000b79   Thumb Code   314  hpl_tc.o(i._pwm_init)
    _pwm_is_enabled                          0x00000cc1   Thumb Code    26  hpl_tc.o(i._pwm_is_enabled)
    _pwm_set_param                           0x00000cdd   Thumb Code   134  hpl_tc.o(i._pwm_set_param)
    _sysctrl_init_referenced_generators      0x00000d69   Thumb Code    16  hpl_sysctrl.o(i._sysctrl_init_referenced_generators)
    _sysctrl_init_sources                    0x00000d7d   Thumb Code   114  hpl_sysctrl.o(i._sysctrl_init_sources)
    _system_time_init                        0x00000df9   Thumb Code    12  hpl_systick.o(i._system_time_init)
    _tc_get_pwm                              0x00000e0d   Thumb Code     4  hpl_tc.o(i._tc_get_pwm)
    ac_sync_init                             0x00000e25   Thumb Code    16  hal_ac_sync.o(i.ac_sync_init)
    adc_sync_init                            0x00000e35   Thumb Code    18  hal_adc_sync.o(i.adc_sync_init)
    atmel_start_init                         0x00000e47   Thumb Code     8  atmel_start.o(i.atmel_start_init)
    atomic_enter_critical                    0x00000e4f   Thumb Code    28  hal_atomic.o(i.atomic_enter_critical)
    atomic_leave_critical                    0x00000e6b   Thumb Code    26  hal_atomic.o(i.atomic_leave_critical)
    delay_driver_init                        0x00000e85   Thumb Code    10  driver_init.o(i.delay_driver_init)
    delay_init                               0x00000e95   Thumb Code    16  hal_delay.o(i.delay_init)
    delay_ms                                 0x00000ea9   Thumb Code    24  hal_delay.o(i.delay_ms)
    displaydigit                             0x00000ec5   Thumb Code    86  main.o(i.displaydigit)
    int2bits                                 0x0000113f   Thumb Code    40  main.o(i.int2bits)
    main                                     0x00001169   Thumb Code   426  main.o(i.main)
    pwm_enable                               0x00001345   Thumb Code    30  hal_pwm.o(i.pwm_enable)
    pwm_init                                 0x00001365   Thumb Code    28  hal_pwm.o(i.pwm_init)
    pwm_set_parameters                       0x0000139d   Thumb Code    22  hal_pwm.o(i.pwm_set_parameters)
    system_init                              0x000013b3   Thumb Code   476  driver_init.o(i.system_init)
    Region$$Table$$Base                      0x000015fc   Number         0  anon$$obj.o(Region$$Table)
    Region$$Table$$Limit                     0x0000161c   Number         0  anon$$obj.o(Region$$Table)
    ADC_0                                    0x20000000   Data           4  driver_init.o(.data)
    AC_0                                     0x20000004   Data           4  driver_init.o(.data)
    h                                        0x20000044   Data           4  main.o(.data)
    t                                        0x20000048   Data           4  main.o(.data)
    o                                        0x2000004c   Data           4  main.o(.data)
    mode                                     0x20000050   Data           4  main.o(.data)
    number                                   0x20000054   Data           4  main.o(.data)
    SystemCoreClock                          0x20000058   Data           4  system_samd20.o(.data)
    PWM_0                                    0x2000005c   Data          28  driver_init.o(.bss)
    bits                                     0x20000078   Data          16  main.o(.bss)
    __libspace_start                         0x20000088   Data          96  libspace.o(.bss)
    __temporary_stack_top$libspace           0x200000e8   Data           0  libspace.o(.bss)



==============================================================================

Memory Map of the image

  Image Entry point : 0x000000a5

  Load Region LR_IROM1 (Base: 0x00000000, Size: 0x00001678, Max: 0x00040000, ABSOLUTE)

    Execution Region ER_IROM1 (Exec base: 0x00000000, Load base: 0x00000000, Size: 0x0000161c, Max: 0x00040000, ABSOLUTE)

    Exec Addr    Load Addr    Size         Type   Attr      Idx    E Section Name        Object

    0x00000000   0x00000000   0x000000a4   Data   RO         2295    RESET               startup_samd20.o
    0x000000a4   0x000000a4   0x00000008   Code   RO         2340  * !!!main             c_p.l(__main.o)
    0x000000ac   0x000000ac   0x0000003c   Code   RO         2509    !!!scatter          c_p.l(__scatter.o)
    0x000000e8   0x000000e8   0x0000001a   Code   RO         2511    !!handler_copy      c_p.l(__scatter_copy.o)
    0x00000102   0x00000102   0x00000002   PAD
    0x00000104   0x00000104   0x0000001c   Code   RO         2513    !!handler_zi        c_p.l(__scatter_zi.o)
    0x00000120   0x00000120   0x00000002   Code   RO         2378    .ARM.Collect$$libinit$$00000000  c_p.l(libinit.o)
    0x00000122   0x00000122   0x00000000   Code   RO         2392    .ARM.Collect$$libinit$$00000002  c_p.l(libinit2.o)
    0x00000122   0x00000122   0x00000000   Code   RO         2394    .ARM.Collect$$libinit$$00000004  c_p.l(libinit2.o)
    0x00000122   0x00000122   0x00000000   Code   RO         2397    .ARM.Collect$$libinit$$0000000A  c_p.l(libinit2.o)
    0x00000122   0x00000122   0x00000000   Code   RO         2399    .ARM.Collect$$libinit$$0000000C  c_p.l(libinit2.o)
    0x00000122   0x00000122   0x00000000   Code   RO         2401    .ARM.Collect$$libinit$$0000000E  c_p.l(libinit2.o)
    0x00000122   0x00000122   0x00000000   Code   RO         2404    .ARM.Collect$$libinit$$00000011  c_p.l(libinit2.o)
    0x00000122   0x00000122   0x00000000   Code   RO         2406    .ARM.Collect$$libinit$$00000013  c_p.l(libinit2.o)
    0x00000122   0x00000122   0x00000000   Code   RO         2408    .ARM.Collect$$libinit$$00000015  c_p.l(libinit2.o)
    0x00000122   0x00000122   0x00000000   Code   RO         2410    .ARM.Collect$$libinit$$00000017  c_p.l(libinit2.o)
    0x00000122   0x00000122   0x00000000   Code   RO         2412    .ARM.Collect$$libinit$$00000019  c_p.l(libinit2.o)
    0x00000122   0x00000122   0x00000000   Code   RO         2414    .ARM.Collect$$libinit$$0000001B  c_p.l(libinit2.o)
    0x00000122   0x00000122   0x00000000   Code   RO         2416    .ARM.Collect$$libinit$$0000001D  c_p.l(libinit2.o)
    0x00000122   0x00000122   0x00000000   Code   RO         2418    .ARM.Collect$$libinit$$0000001F  c_p.l(libinit2.o)
    0x00000122   0x00000122   0x00000000   Code   RO         2420    .ARM.Collect$$libinit$$00000021  c_p.l(libinit2.o)
    0x00000122   0x00000122   0x00000000   Code   RO         2422    .ARM.Collect$$libinit$$00000023  c_p.l(libinit2.o)
    0x00000122   0x00000122   0x00000000   Code   RO         2424    .ARM.Collect$$libinit$$00000025  c_p.l(libinit2.o)
    0x00000122   0x00000122   0x00000000   Code   RO         2428    .ARM.Collect$$libinit$$0000002C  c_p.l(libinit2.o)
    0x00000122   0x00000122   0x00000000   Code   RO         2430    .ARM.Collect$$libinit$$0000002E  c_p.l(libinit2.o)
    0x00000122   0x00000122   0x00000000   Code   RO         2432    .ARM.Collect$$libinit$$00000030  c_p.l(libinit2.o)
    0x00000122   0x00000122   0x00000000   Code   RO         2434    .ARM.Collect$$libinit$$00000032  c_p.l(libinit2.o)
    0x00000122   0x00000122   0x00000002   Code   RO         2435    .ARM.Collect$$libinit$$00000033  c_p.l(libinit2.o)
    0x00000124   0x00000124   0x00000002   Code   RO         2466    .ARM.Collect$$libshutdown$$00000000  c_p.l(libshutdown.o)
    0x00000126   0x00000126   0x00000000   Code   RO         2492    .ARM.Collect$$libshutdown$$00000002  c_p.l(libshutdown2.o)
    0x00000126   0x00000126   0x00000000   Code   RO         2494    .ARM.Collect$$libshutdown$$00000004  c_p.l(libshutdown2.o)
    0x00000126   0x00000126   0x00000000   Code   RO         2497    .ARM.Collect$$libshutdown$$00000007  c_p.l(libshutdown2.o)
    0x00000126   0x00000126   0x00000000   Code   RO         2500    .ARM.Collect$$libshutdown$$0000000A  c_p.l(libshutdown2.o)
    0x00000126   0x00000126   0x00000000   Code   RO         2502    .ARM.Collect$$libshutdown$$0000000C  c_p.l(libshutdown2.o)
    0x00000126   0x00000126   0x00000000   Code   RO         2505    .ARM.Collect$$libshutdown$$0000000F  c_p.l(libshutdown2.o)
    0x00000126   0x00000126   0x00000002   Code   RO         2506    .ARM.Collect$$libshutdown$$00000010  c_p.l(libshutdown2.o)
    0x00000128   0x00000128   0x00000000   Code   RO         2342    .ARM.Collect$$rtentry$$00000000  c_p.l(__rtentry.o)
    0x00000128   0x00000128   0x00000000   Code   RO         2348    .ARM.Collect$$rtentry$$00000002  c_p.l(__rtentry2.o)
    0x00000128   0x00000128   0x00000006   Code   RO         2360    .ARM.Collect$$rtentry$$00000004  c_p.l(__rtentry4.o)
    0x0000012e   0x0000012e   0x00000000   Code   RO         2350    .ARM.Collect$$rtentry$$00000009  c_p.l(__rtentry2.o)
    0x0000012e   0x0000012e   0x00000004   Code   RO         2351    .ARM.Collect$$rtentry$$0000000A  c_p.l(__rtentry2.o)
    0x00000132   0x00000132   0x00000000   Code   RO         2353    .ARM.Collect$$rtentry$$0000000C  c_p.l(__rtentry2.o)
    0x00000132   0x00000132   0x00000008   Code   RO         2354    .ARM.Collect$$rtentry$$0000000D  c_p.l(__rtentry2.o)
    0x0000013a   0x0000013a   0x00000002   Code   RO         2383    .ARM.Collect$$rtexit$$00000000  c_p.l(rtexit.o)
    0x0000013c   0x0000013c   0x00000000   Code   RO         2439    .ARM.Collect$$rtexit$$00000002  c_p.l(rtexit2.o)
    0x0000013c   0x0000013c   0x00000004   Code   RO         2440    .ARM.Collect$$rtexit$$00000003  c_p.l(rtexit2.o)
    0x00000140   0x00000140   0x00000006   Code   RO         2441    .ARM.Collect$$rtexit$$00000004  c_p.l(rtexit2.o)
    0x00000146   0x00000146   0x00000002   PAD
    0x00000148   0x00000148   0x00000034   Code   RO         2296    .text               startup_samd20.o
    0x0000017c   0x0000017c   0x0000015a   Code   RO         2334    .text               c_p.l(aeabi_sdiv.o)
    0x000002d6   0x000002d6   0x00000006   Code   RO         2338    .text               c_p.l(heapauxi.o)
    0x000002dc   0x000002dc   0x0000003e   Code   RO         2364    .text               c_p.l(sys_stackheap_outer.o)
    0x0000031a   0x0000031a   0x00000010   Code   RO         2367    .text               c_p.l(exit.o)
    0x0000032a   0x0000032a   0x00000002   PAD
    0x0000032c   0x0000032c   0x00000008   Code   RO         2379    .text               c_p.l(libspace.o)
    0x00000334   0x00000334   0x0000000c   Code   RO         2436    .text               c_p.l(sys_exit.o)
    0x00000340   0x00000340   0x00000002   Code   RO         2455    .text               c_p.l(use_no_semi.o)
    0x00000342   0x00000342   0x00000000   Code   RO         2457    .text               c_p.l(indicate_semi.o)
    0x00000342   0x00000342   0x00000002   PAD
    0x00000344   0x00000344   0x00000020   Code   RO          337    i.AC_0_CLOCK_init   driver_init.o
    0x00000364   0x00000364   0x00000002   Code   RO          338    i.AC_0_PORT_init    driver_init.o
    0x00000366   0x00000366   0x00000002   PAD
    0x00000368   0x00000368   0x0000001c   Code   RO          339    i.AC_0_init         driver_init.o
    0x00000384   0x00000384   0x00000018   Code   RO          340    i.ADC_0_CLOCK_init  driver_init.o
    0x0000039c   0x0000039c   0x00000002   Code   RO          341    i.ADC_0_PORT_init   driver_init.o
    0x0000039e   0x0000039e   0x00000002   PAD
    0x000003a0   0x000003a0   0x00000020   Code   RO          342    i.ADC_0_init        driver_init.o
    0x000003c0   0x000003c0   0x00000018   Code   RO          343    i.PWM_0_CLOCK_init  driver_init.o
    0x000003d8   0x000003d8   0x0000001c   Code   RO          344    i.PWM_0_PORT_init   driver_init.o
    0x000003f4   0x000003f4   0x00000024   Code   RO          345    i.PWM_0_init        driver_init.o
    0x00000418   0x00000418   0x00000010   Code   RO         2303    i.SystemInit        system_samd20.o
    0x00000428   0x00000428   0x00000010   Code   RO         2082    i.TC2_Handler       hpl_tc.o
    0x00000438   0x00000438   0x0000001c   Code   RO         1866    i.__ARM_common_switch8  hpl_core_m0plus_base.o
    0x00000454   0x00000454   0x00000038   Code   RO         2083    i.__NVIC_DisableIRQ  hpl_tc.o
    0x0000048c   0x0000048c   0x00000088   Code   RO         1127    i._ac_init          hpl_ac.o
    0x00000514   0x00000514   0x00000010   Code   RO         1134    i._ac_sync_init     hpl_ac.o
    0x00000524   0x00000524   0x00000006   Code   RO         1332    i._adc_get_hardware_index  hpl_adc.o
    0x0000052a   0x0000052a   0x00000002   PAD
    0x0000052c   0x0000052c   0x00000030   Code   RO         1334    i._adc_get_regs     hpl_adc.o
    0x0000055c   0x0000055c   0x00000130   Code   RO         1336    i._adc_init         hpl_adc.o
    0x0000068c   0x0000068c   0x0000001a   Code   RO         1346    i._adc_sync_init    hpl_adc.o
    0x000006a6   0x000006a6   0x00000002   PAD
    0x000006a8   0x000006a8   0x00000050   Code   RO         2026    i._delay_cycles     hpl_systick.o
    0x000006f8   0x000006f8   0x0000000c   Code   RO         2027    i._delay_init       hpl_systick.o
    0x00000704   0x00000704   0x00000020   Code   RO          346    i._gclk_enable_channel  driver_init.o
    0x00000724   0x00000724   0x00000028   Code   RO         1915    i._gclk_init_generators_by_fref  hpl_gclk.o
    0x0000074c   0x0000074c   0x0000002c   Code   RO         1137    i._get_ac_cfg       hpl_ac.o
    0x00000778   0x00000778   0x00000014   Code   RO         1779    i._get_cycles_for_ms  hpl_core_m0plus_base.o
    0x0000078c   0x0000078c   0x00000090   Code   RO         1780    i._get_cycles_for_ms_internal  hpl_core_m0plus_base.o
    0x0000081c   0x0000081c   0x000000bc   Code   RO          347    i._gpio_set_direction  driver_init.o
    0x000008d8   0x000008d8   0x00000090   Code   RO          348    i._gpio_set_pin_function  driver_init.o
    0x00000968   0x00000968   0x00000094   Code   RO          349    i._gpio_set_pin_pull_mode  driver_init.o
    0x000009fc   0x000009fc   0x00000030   Code   RO         1885    i._init_chip        hpl_init.o
    0x00000a2c   0x00000a2c   0x00000090   Code   RO          350    i._pm_enable_bus_clock  driver_init.o
    0x00000abc   0x00000abc   0x0000003c   Code   RO          351    i._pm_get_ahb_index  driver_init.o
    0x00000af8   0x00000af8   0x00000040   Code   RO          352    i._pm_get_apbb_index  driver_init.o
    0x00000b38   0x00000b38   0x00000030   Code   RO         1957    i._pm_init          hpl_pm.o
    0x00000b68   0x00000b68   0x00000010   Code   RO         2086    i._pwm_enable       hpl_tc.o
    0x00000b78   0x00000b78   0x00000148   Code   RO         2089    i._pwm_init         hpl_tc.o
    0x00000cc0   0x00000cc0   0x0000001a   Code   RO         2090    i._pwm_is_enabled   hpl_tc.o
    0x00000cda   0x00000cda   0x00000002   PAD
    0x00000cdc   0x00000cdc   0x0000008c   Code   RO         2092    i._pwm_set_param    hpl_tc.o
    0x00000d68   0x00000d68   0x00000014   Code   RO         1994    i._sysctrl_init_referenced_generators  hpl_sysctrl.o
    0x00000d7c   0x00000d7c   0x0000007c   Code   RO         1995    i._sysctrl_init_sources  hpl_sysctrl.o
    0x00000df8   0x00000df8   0x00000014   Code   RO         2031    i._system_time_init  hpl_systick.o
    0x00000e0c   0x00000e0c   0x00000004   Code   RO         2093    i._tc_get_pwm       hpl_tc.o
    0x00000e10   0x00000e10   0x00000014   Code   RO         2095    i._tc_init_irq_param  hpl_tc.o
    0x00000e24   0x00000e24   0x00000010   Code   RO          583    i.ac_sync_init      hal_ac_sync.o
    0x00000e34   0x00000e34   0x00000012   Code   RO          645    i.adc_sync_init     hal_adc_sync.o
    0x00000e46   0x00000e46   0x00000008   Code   RO            3    i.atmel_start_init  atmel_start.o
    0x00000e4e   0x00000e4e   0x0000001c   Code   RO          750    i.atomic_enter_critical  hal_atomic.o
    0x00000e6a   0x00000e6a   0x0000001a   Code   RO          752    i.atomic_leave_critical  hal_atomic.o
    0x00000e84   0x00000e84   0x00000010   Code   RO          353    i.delay_driver_init  driver_init.o
    0x00000e94   0x00000e94   0x00000014   Code   RO          786    i.delay_init        hal_delay.o
    0x00000ea8   0x00000ea8   0x0000001c   Code   RO          787    i.delay_ms          hal_delay.o
    0x00000ec4   0x00000ec4   0x00000056   Code   RO         2236    i.displaydigit      main.o
    0x00000f1a   0x00000f1a   0x00000002   PAD
    0x00000f1c   0x00000f1c   0x00000034   Code   RO         2096    i.get_tc_index      hpl_tc.o
    0x00000f50   0x00000f50   0x00000054   Code   RO         2237    i.gpio_get_pin_level  main.o
    0x00000fa4   0x00000fa4   0x0000001a   Code   RO          354    i.gpio_set_pin_direction  driver_init.o
    0x00000fbe   0x00000fbe   0x00000010   Code   RO          355    i.gpio_set_pin_function  driver_init.o
    0x00000fce   0x00000fce   0x00000036   Code   RO          356    i.gpio_set_pin_level  driver_init.o
    0x00001004   0x00001004   0x00000036   Code   RO         2238    i.gpio_set_pin_level  main.o
    0x0000103a   0x0000103a   0x0000000c   Code   RO         1141    i.hri_ac_wait_for_sync  hpl_ac.o
    0x00001046   0x00001046   0x00000018   Code   RO         1142    i.hri_ac_write_COMPCTRL_reg  hpl_ac.o
    0x0000105e   0x0000105e   0x00000010   Code   RO         1143    i.hri_ac_write_CTRLA_reg  hpl_ac.o
    0x0000106e   0x0000106e   0x00000008   Code   RO         1145    i.hri_ac_write_SCALER_reg  hpl_ac.o
    0x00001076   0x00001076   0x0000000c   Code   RO         1365    i.hri_adc_wait_for_sync  hpl_adc.o
    0x00001082   0x00001082   0x00000004   Code   RO         1366    i.hri_adc_write_CTRLA_reg  hpl_adc.o
    0x00001086   0x00001086   0x00000010   Code   RO         1373    i.hri_adc_write_WINLT_reg  hpl_adc.o
    0x00001096   0x00001096   0x00000010   Code   RO         1374    i.hri_adc_write_WINUT_reg  hpl_adc.o
    0x000010a6   0x000010a6   0x00000014   Code   RO         1916    i.hri_gclk_write_GENCTRL_reg  hpl_gclk.o
    0x000010ba   0x000010ba   0x00000004   Code   RO         1917    i.hri_gclk_write_GENDIV_reg  hpl_gclk.o
    0x000010be   0x000010be   0x00000008   Code   RO          357    i.hri_port_clear_DIR_reg  driver_init.o
    0x000010c6   0x000010c6   0x00000008   Code   RO          358    i.hri_port_clear_OUT_reg  driver_init.o
    0x000010ce   0x000010ce   0x00000008   Code   RO          359    i.hri_port_set_OUT_reg  driver_init.o
    0x000010d6   0x000010d6   0x00000018   Code   RO          360    i.hri_port_set_PINCFG_PULLEN_bit  driver_init.o
    0x000010ee   0x000010ee   0x00000020   Code   RO          361    i.hri_port_write_PINCFG_PMUXEN_bit  driver_init.o
    0x0000110e   0x0000110e   0x00000008   Code   RO          362    i.hri_port_write_WRCONFIG_reg  driver_init.o
    0x00001116   0x00001116   0x0000000c   Code   RO         2098    i.hri_tc_wait_for_sync  hpl_tc.o
    0x00001122   0x00001122   0x00000004   Code   RO         2099    i.hri_tc_write_CTRLA_reg  hpl_tc.o
    0x00001126   0x00001126   0x0000000c   Code   RO         2101    i.hri_tccount16_write_CC_reg  hpl_tc.o
    0x00001132   0x00001132   0x0000000c   Code   RO         2103    i.hri_tccount32_write_CC_reg  hpl_tc.o
    0x0000113e   0x0000113e   0x00000028   Code   RO         2239    i.int2bits          main.o
    0x00001166   0x00001166   0x00000002   PAD
    0x00001168   0x00001168   0x000001c8   Code   RO         2240    i.main              main.o
    0x00001330   0x00001330   0x00000014   Code   RO          904    i.pwm_detect_fault  hal_pwm.o
    0x00001344   0x00001344   0x0000001e   Code   RO          906    i.pwm_enable        hal_pwm.o
    0x00001362   0x00001362   0x00000002   PAD
    0x00001364   0x00001364   0x00000024   Code   RO          908    i.pwm_init          hal_pwm.o
    0x00001388   0x00001388   0x00000014   Code   RO          909    i.pwm_period_expired  hal_pwm.o
    0x0000139c   0x0000139c   0x00000016   Code   RO          911    i.pwm_set_parameters  hal_pwm.o
    0x000013b2   0x000013b2   0x000001dc   Code   RO          363    i.system_init       driver_init.o
    0x0000158e   0x0000158e   0x0000000e   Code   RO         2104    i.tc_get_hardware_index  hpl_tc.o
    0x0000159c   0x0000159c   0x0000004a   Code   RO         2105    i.tc_pwm_interrupt_handler  hpl_tc.o
    0x000015e6   0x000015e6   0x00000002   PAD
    0x000015e8   0x000015e8   0x00000014   Data   RO         1146    .constdata          hpl_ac.o
    0x000015fc   0x000015fc   0x00000020   Data   RO         2507    Region$$Table       anon$$obj.o


    Execution Region RW_IRAM1 (Exec base: 0x20000000, Load base: 0x0000161c, Size: 0x000002e8, Max: 0x00008000, ABSOLUTE)

    Exec Addr    Load Addr    Size         Type   Attr      Idx    E Section Name        Object

    0x20000000   0x0000161c   0x00000008   Data   RW          365    .data               driver_init.o
    0x20000008   0x00001624   0x00000004   Data   RW          789    .data               hal_delay.o
    0x2000000c   0x00001628   0x00000020   Data   RW         1375    .data               hpl_adc.o
    0x2000002c   0x00001648   0x00000018   Data   RW         2106    .data               hpl_tc.o
    0x20000044   0x00001660   0x00000014   Data   RW         2243    .data               main.o
    0x20000058   0x00001674   0x00000004   Data   RW         2304    .data               system_samd20.o
    0x2000005c        -       0x0000001c   Zero   RW          364    .bss                driver_init.o
    0x20000078        -       0x00000010   Zero   RW         2241    .bss                main.o
    0x20000088        -       0x00000060   Zero   RW         2380    .bss                c_p.l(libspace.o)
    0x200000e8        -       0x00000000   Zero   RW         2294    HEAP                startup_samd20.o
    0x200000e8        -       0x00000200   Zero   RW         2293    STACK               startup_samd20.o


==============================================================================

Image component sizes


      Code (inc. data)   RO Data    RW Data    ZI Data      Debug   Object Name

         8          0          0          0          0      17255   atmel_start.o
      1664        108          0          8         28      40012   driver_init.o
        16          0          0          0          0       1147   hal_ac_sync.o
        18          0          0          0          0       1312   hal_adc_sync.o
        54          0          0          0          0       3584   hal_atomic.o
        48          8          0          4          0       1816   hal_delay.o
       128          8          0          0          0       3649   hal_pwm.o
       256          6         20          0          0      25616   hpl_ac.o
       432         14          0         32          0      28677   hpl_adc.o
       192         20          0          0          0       2165   hpl_core_m0plus_base.o
        64          6          0          0          0       8440   hpl_gclk.o
        48          6          0          0          0       9557   hpl_init.o
        48          4          0          0          0      18355   hpl_pm.o
       144         14          0          0          0      34834   hpl_sysctrl.o
       112         16          0          0          0       1842   hpl_systick.o
       786         44          0         24          0      30273   hpl_tc.o
       720         36          0         20         16      20471   main.o
        52         22        164          0        512        652   startup_samd20.o
        16          8          0          4          0        719   system_samd20.o

    ----------------------------------------------------------------------
      4824        320        216         92        556     250376   Object Totals
         0          0         32          0          0          0   (incl. Generated)
        18          0          0          0          0          0   (incl. Padding)

    ----------------------------------------------------------------------

      Code (inc. data)   RO Data    RW Data    ZI Data      Debug   Library Member Name

         8          0          0          0          0         68   __main.o
         0          0          0          0          0          0   __rtentry.o
        12          0          0          0          0          0   __rtentry2.o
         6          0          0          0          0          0   __rtentry4.o
        60          8          0          0          0          0   __scatter.o
        26          0          0          0          0          0   __scatter_copy.o
        28          0          0          0          0          0   __scatter_zi.o
       346          0          0          0          0         92   aeabi_sdiv.o
        16          0          0          0          0         68   exit.o
         6          0          0          0          0        136   heapauxi.o
         0          0          0          0          0          0   indicate_semi.o
         2          0          0          0          0          0   libinit.o
         2          0          0          0          0          0   libinit2.o
         2          0          0          0          0          0   libshutdown.o
         2          0          0          0          0          0   libshutdown2.o
         8          4          0          0         96         68   libspace.o
         2          0          0          0          0          0   rtexit.o
        10          0          0          0          0          0   rtexit2.o
        12          4          0          0          0         60   sys_exit.o
        62          0          0          0          0         80   sys_stackheap_outer.o
         2          0          0          0          0         68   use_no_semi.o

    ----------------------------------------------------------------------
       620         16          0          0         96        640   Library Totals
         8          0          0          0          0          0   (incl. Padding)

    ----------------------------------------------------------------------

      Code (inc. data)   RO Data    RW Data    ZI Data      Debug   Library Name

       612         16          0          0         96        640   c_p.l

    ----------------------------------------------------------------------
       620         16          0          0         96        640   Library Totals

    ----------------------------------------------------------------------

==============================================================================


      Code (inc. data)   RO Data    RW Data    ZI Data      Debug   

      5444        336        216         92        652     247176   Grand Totals
      5444        336        216         92        652     247176   ELF Image Totals
      5444        336        216         92          0          0   ROM Totals

==============================================================================

    Total RO  Size (Code + RO Data)                 5660 (   5.53kB)
    Total RW  Size (RW Data + ZI Data)               744 (   0.73kB)
    Total ROM Size (Code + RO Data + RW Data)       5752 (   5.62kB)

==============================================================================

